C:/Users/harry/Desktop/soar2/H743VIT6TemplateRepository/SoarOS/Core/Inc/Command.hpp:48:21:GLOBAL_COMMANDS Command::GetCommand() const	16	static
C:/Users/harry/Desktop/soar2/H743VIT6TemplateRepository/SoarOS/Core/Inc/Command.hpp:49:14:uint16_t Command::GetTaskCommand() const	16	static
C:/Users/harry/Desktop/soar2/H743VIT6TemplateRepository/SoarOS/Core/Inc/Task.hpp:27:12:Queue* Task::GetEventQueue() const	16	static
C:\ST\STM32CubeIDE_1.19.0\STM32CubeIDE\plugins\com.st.stm32cube.ide.mcu.externaltools.gnu-tools-for-stm32.12.3.rel1.win32_1.1.100.202509120712\tools\arm-none-eabi\include\c++\12.3.1\arm-none-eabi\thumb\v7e-m+dp\hard\bits\gthr-default.h:229:1:int __gthread_key_delete(__gthread_key_t)	16	static
C:/Users/harry/Desktop/soar2/H743VIT6TemplateRepository/PeripheralDriversSubmodule/Components/IMUTask.hpp:35:7:IMUTask::~IMUTask()	16	static
C:/Users/harry/Desktop/soar2/H743VIT6TemplateRepository/PeripheralDriversSubmodule/Components/IMUTask.hpp:40:19:void __tcf_1()	8	static
C:/Users/harry/Desktop/soar2/H743VIT6TemplateRepository/PeripheralDriversSubmodule/Components/IMUTask.hpp:39:19:static IMUTask& IMUTask::Inst()	8	static
C:/Users/harry/Desktop/soar2/H743VIT6TemplateRepository/PeripheralDriversSubmodule/LSM6DSODriver/LSM6DSOTask.hpp:36:23:static LSM6DSOTask& LSM6DSOTask::Inst()	8	static
C:/Users/harry/Desktop/soar2/H743VIT6TemplateRepository/PeripheralDriversSubmodule/MMC5983MA_SPI/mmc5983Task.hpp:39:27:static MMC5983MATask& MMC5983MATask::Inst()	8	static
C:/Users/harry/Desktop/soar2/H743VIT6TemplateRepository/PeripheralDriversSubmodule/MS5607Driver/Inc/BaroTask07.hpp:40:22:static BaroTask07& BaroTask07::Inst()	8	static
C:/Users/harry/Desktop/soar2/H743VIT6TemplateRepository/PeripheralDriversSubmodule/MS5611Driver/Inc/BaroTask11.hpp:38:22:static BaroTask11& BaroTask11::Inst()	8	static
C:/Users/harry/Desktop/soar2/H743VIT6TemplateRepository/Components/SOARDebug/DebugTask.hpp:33:21:static DebugTask& DebugTask::Inst()	8	static
C:/Users/harry/Desktop/soar2/H743VIT6TemplateRepository/Components/SOARDebug/DebugTask.hpp:44:15:static void DebugTask::RunTask(void*)	16	static
C:/Users/harry/Desktop/soar2/H743VIT6TemplateRepository/SoarOS/Drivers/Inc/UARTDriver.hpp:22:7:constexpr UARTReceiverBase::UARTReceiverBase()	16	static
../Components/DebugTask.cpp:34:1:DebugTask::DebugTask()	16	static
../Components/DebugTask.cpp:44:6:virtual void DebugTask::InitTask()	32	static
../Components/DebugTask.cpp:62:6:void DebugTask::Run(void*)	32	static
../Components/DebugTask.cpp:86:6:void DebugTask::HandleDebugMessage(const char*)	80	static
../Components/DebugTask.cpp:148:6:bool DebugTask::ReceiveData()	16	static
../Components/DebugTask.cpp:154:6:virtual void DebugTask::InterruptRxData(uint8_t)	32	static
../Components/DebugTask.cpp:193:9:static int32_t DebugTask::ExtractIntParameter(const char*, uint16_t)	24	static
C:/Users/harry/Desktop/soar2/H743VIT6TemplateRepository/SoarOS/Components/DataBroker/Inc/Publisher.hpp:38:3:Publisher<T, MaxSubscribers>::Publisher(DataBrokerMessageTypes) [with T = IMUData; unsigned char MaxSubscribers = 5]	16	static
C:/Users/harry/Desktop/soar2/H743VIT6TemplateRepository/SoarOS/Components/DataBroker/Inc/Publisher.hpp:38:3:Publisher<T, MaxSubscribers>::Publisher(DataBrokerMessageTypes) [with T = MagData; unsigned char MaxSubscribers = 5]	16	static
C:/Users/harry/Desktop/soar2/H743VIT6TemplateRepository/SoarOS/Components/DataBroker/Inc/Publisher.hpp:38:3:Publisher<T, MaxSubscribers>::Publisher(DataBrokerMessageTypes) [with T = BaroData; unsigned char MaxSubscribers = 5]	16	static
C:/Users/harry/Desktop/soar2/H743VIT6TemplateRepository/SoarOS/Components/DataBroker/Inc/Publisher.hpp:38:3:Publisher<T, MaxSubscribers>::Publisher(DataBrokerMessageTypes) [with T = FilterData; unsigned char MaxSubscribers = 5]	16	static
C:/Users/harry/Desktop/soar2/H743VIT6TemplateRepository/SoarOS/Components/DataBroker/Inc/Publisher.hpp:38:3:Publisher<T, MaxSubscribers>::Publisher(DataBrokerMessageTypes) [with T = GPSData; unsigned char MaxSubscribers = 5]	16	static
../Components/DebugTask.cpp:208:1:void __static_initialization_and_destruction_0(int, int)	16	static
../Components/DebugTask.cpp:208:1:cpp)	8	static
../Components/DebugTask.cpp:208:1:cpp)	8	static
