/Users/jaddina/Documents/SOAR stuff/H743VIT6TemplateRepository/SoarOS/Drivers/Inc/UARTDriver.hpp:37:2:UARTDriver::UARTDriver(USART_TypeDef*)	16	static
/Users/jaddina/Documents/SOAR stuff/H743VIT6TemplateRepository/SoarOS/Drivers/Inc/UARTTask.hpp:40:22:static UARTTask& UARTTask::Inst()	8	static
/Users/jaddina/Documents/SOAR stuff/H743VIT6TemplateRepository/SoarOS/Drivers/Inc/UARTTask.hpp:56:5:UARTTask::UARTTask()	16	static
/Users/jaddina/Documents/SOAR stuff/H743VIT6TemplateRepository/SoarOS/CubeTask.hpp:32:22:static CubeTask& CubeTask::Inst()	8	static
/Users/jaddina/Documents/SOAR stuff/H743VIT6TemplateRepository/SoarOS/CubeTask.hpp:47:5:CubeTask::CubeTask()	16	static
/Applications/STM32CubeIDE.app/Contents/Eclipse/plugins/com.st.stm32cube.ide.mcu.externaltools.gnu-tools-for-stm32.13.3.rel1.macos64_1.0.0.202411102158/tools/arm-none-eabi/include/c++/13.3.1/arm-none-eabi/thumb/v7e-m+dp/hard/bits/gthr-default.h:229:1:int __gthread_key_delete(__gthread_key_t)	16	static
/Users/jaddina/Documents/SOAR stuff/H743VIT6TemplateRepository/Components/SOARDebug/DebugTask.hpp:33:21:static DebugTask& DebugTask::Inst()	8	static
/Users/jaddina/Documents/SOAR stuff/H743VIT6TemplateRepository/Components/LoggingTask/Inc/LoggingTask.hpp:31:23:static LoggingTask& LoggingTask::Inst()	8	static
/Users/jaddina/Documents/SOAR stuff/H743VIT6TemplateRepository/AltitudePredictionFilter/Eigen/src/Core/util/IndexedViewHelper.h:137:16:Eigen::internal::all_t::all_t()	16	static
/Users/jaddina/Documents/SOAR stuff/H743VIT6TemplateRepository/Components/Flash/Inc/FlashTask.hpp:27:23:static FlashTask& FlashTask::Inst()	8	static
/Users/jaddina/Documents/SOAR stuff/H743VIT6TemplateRepository/PeripheralDriversSubmodule/GPS/GPSTask.hpp:51:7:GPSTask::~GPSTask()	16	static
/Users/jaddina/Documents/SOAR stuff/H743VIT6TemplateRepository/PeripheralDriversSubmodule/GPS/GPSTask.hpp:55:24:void __tcf_3()	8	static
/Users/jaddina/Documents/SOAR stuff/H743VIT6TemplateRepository/PeripheralDriversSubmodule/GPS/GPSTask.hpp:54:21:static GPSTask& GPSTask::Inst()	8	static
../Components/main_system.cpp:36:6:void run_main()	8	static
/Users/jaddina/Documents/SOAR stuff/H743VIT6TemplateRepository/SoarOS/Components/DataBroker/Inc/Publisher.hpp:38:3:Publisher<T, MaxSubscribers>::Publisher(DataBrokerMessageTypes) [with T = IMUData; unsigned char MaxSubscribers = 5]	16	static
/Users/jaddina/Documents/SOAR stuff/H743VIT6TemplateRepository/SoarOS/Components/DataBroker/Inc/Publisher.hpp:38:3:Publisher<T, MaxSubscribers>::Publisher(DataBrokerMessageTypes) [with T = MagData; unsigned char MaxSubscribers = 5]	16	static
/Users/jaddina/Documents/SOAR stuff/H743VIT6TemplateRepository/SoarOS/Components/DataBroker/Inc/Publisher.hpp:38:3:Publisher<T, MaxSubscribers>::Publisher(DataBrokerMessageTypes) [with T = BaroData; unsigned char MaxSubscribers = 5]	16	static
/Users/jaddina/Documents/SOAR stuff/H743VIT6TemplateRepository/SoarOS/Components/DataBroker/Inc/Publisher.hpp:38:3:Publisher<T, MaxSubscribers>::Publisher(DataBrokerMessageTypes) [with T = FilterData; unsigned char MaxSubscribers = 5]	16	static
/Users/jaddina/Documents/SOAR stuff/H743VIT6TemplateRepository/SoarOS/Components/DataBroker/Inc/Publisher.hpp:38:3:Publisher<T, MaxSubscribers>::Publisher(DataBrokerMessageTypes) [with T = GPSData; unsigned char MaxSubscribers = 5]	16	static
/Users/jaddina/Documents/SOAR stuff/H743VIT6TemplateRepository/AltitudePredictionFilter/Eigen/src/Core/util/SymbolicIndex.h:219:3:Eigen::symbolic::SymbolExpr<tag>::SymbolExpr() [with tag = Eigen::internal::symbolic_last_tag]	16	static
/Users/jaddina/Documents/SOAR stuff/H743VIT6TemplateRepository/AltitudePredictionFilter/Eigen/src/Core/util/IntegralConstant.h:56:3:Eigen::internal::FixedInt<N>::FixedInt() [with int N = 1]	16	static
/Users/jaddina/Documents/SOAR stuff/H743VIT6TemplateRepository/AltitudePredictionFilter/Eigen/src/Core/util/IntegralConstant.h:82:12:Eigen::internal::FixedInt<N> Eigen::internal::FixedInt<N>::operator()() const [with int N = 1]	16	static
/Users/jaddina/Documents/SOAR stuff/H743VIT6TemplateRepository/AltitudePredictionFilter/Eigen/src/Core/util/SymbolicIndex.h:117:55:Eigen::symbolic::AddExpr<Derived, Eigen::symbolic::ValueExpr<Eigen::internal::FixedInt<M> > > Eigen::symbolic::BaseExpr<Derived>::operator+(Eigen::internal::FixedInt<M>) const [with int N = 1; Derived = Eigen::symbolic::SymbolExpr<Eigen::internal::symbolic_last_tag>]	32	static
/Users/jaddina/Documents/SOAR stuff/H743VIT6TemplateRepository/AltitudePredictionFilter/Eigen/src/Core/util/SymbolicIndex.h:80:18:const Derived& Eigen::symbolic::BaseExpr<Derived>::derived() const [with Derived = Eigen::symbolic::SymbolExpr<Eigen::internal::symbolic_last_tag>]	16	static
/Users/jaddina/Documents/SOAR stuff/H743VIT6TemplateRepository/AltitudePredictionFilter/Eigen/src/Core/util/SymbolicIndex.h:66:3:Eigen::symbolic::ValueExpr<Eigen::internal::FixedInt<N> >::ValueExpr() [with int N = 1]	16	static
/Users/jaddina/Documents/SOAR stuff/H743VIT6TemplateRepository/AltitudePredictionFilter/Eigen/src/Core/util/SymbolicIndex.h:254:3:Eigen::symbolic::AddExpr<Arg1, Arg2>::AddExpr(const Arg0&, const Arg1&) [with Arg0 = Eigen::symbolic::SymbolExpr<Eigen::internal::symbolic_last_tag>; Arg1 = Eigen::symbolic::ValueExpr<Eigen::internal::FixedInt<1> >]	24	static
../Components/main_system.cpp:76:1:void __static_initialization_and_destruction_0()	16	static
../Components/main_system.cpp:76:1:void __static_initialization_and_destruction_1()	8	static
../Components/main_system.cpp:76:1:cpp)	8	static
../Components/main_system.cpp:76:1:cpp)	8	static
