C:\ST\STM32CubeIDE_1.19.0\STM32CubeIDE\plugins\com.st.stm32cube.ide.mcu.externaltools.gnu-tools-for-stm32.12.3.rel1.win32_1.1.100.202509120712\tools\arm-none-eabi\include\c++\12.3.1\arm-none-eabi\thumb\v7e-m+dp\hard\bits\c++config.h:516:3:constexpr bool std::__is_constant_evaluated()	4	static
C:/Users/harry/Desktop/soar2/H743VIT6TemplateRepository/SoarOS/Drivers/Inc/UARTDriver.hpp:37:2:UARTDriver::UARTDriver(USART_TypeDef*)	16	static
C:/Users/harry/Desktop/soar2/H743VIT6TemplateRepository/SoarOS/CubeDefines.hpp:80:13:void cube_free(void*)	16	static
C:/Users/harry/Desktop/soar2/H743VIT6TemplateRepository/SoarOS/CubeDefines.hpp:91:13:void operator delete(void*)	16	static
C:/Users/harry/Desktop/soar2/H743VIT6TemplateRepository/SoarOS/Drivers/Inc/UARTTask.hpp:40:22:static UARTTask& UARTTask::Inst()	8	static
C:/Users/harry/Desktop/soar2/H743VIT6TemplateRepository/SoarOS/Drivers/Inc/UARTTask.hpp:56:5:UARTTask::UARTTask()	16	static
C:/Users/harry/Desktop/soar2/H743VIT6TemplateRepository/SoarOS/CubeTask.hpp:32:22:static CubeTask& CubeTask::Inst()	8	static
C:/Users/harry/Desktop/soar2/H743VIT6TemplateRepository/SoarOS/CubeTask.hpp:47:5:CubeTask::CubeTask()	16	static
C:\ST\STM32CubeIDE_1.19.0\STM32CubeIDE\plugins\com.st.stm32cube.ide.mcu.externaltools.gnu-tools-for-stm32.12.3.rel1.win32_1.1.100.202509120712\tools\arm-none-eabi\include\c++\12.3.1\arm-none-eabi\thumb\v7e-m+dp\hard\bits\gthr-default.h:229:1:int __gthread_key_delete(__gthread_key_t)	16	static
C:/Users/harry/Desktop/soar2/H743VIT6TemplateRepository/PeripheralDriversSubmodule/Components/IMUTask.hpp:35:7:IMUTask::~IMUTask()	16	static
C:/Users/harry/Desktop/soar2/H743VIT6TemplateRepository/PeripheralDriversSubmodule/Components/IMUTask.hpp:40:19:void __tcf_1()	8	static
C:/Users/harry/Desktop/soar2/H743VIT6TemplateRepository/PeripheralDriversSubmodule/Components/IMUTask.hpp:39:19:static IMUTask& IMUTask::Inst()	8	static
C:/Users/harry/Desktop/soar2/H743VIT6TemplateRepository/PeripheralDriversSubmodule/LSM6DSODriver/LSM6DSOTask.hpp:36:23:static LSM6DSOTask& LSM6DSOTask::Inst()	8	static
C:/Users/harry/Desktop/soar2/H743VIT6TemplateRepository/PeripheralDriversSubmodule/MS5607Driver/Inc/BaroTask07.hpp:40:22:static BaroTask07& BaroTask07::Inst()	8	static
C:/Users/harry/Desktop/soar2/H743VIT6TemplateRepository/PeripheralDriversSubmodule/MS5611Driver/Inc/BaroTask11.hpp:38:22:static BaroTask11& BaroTask11::Inst()	8	static
C:/Users/harry/Desktop/soar2/H743VIT6TemplateRepository/Components/SOARDebug/DebugTask.hpp:33:21:static DebugTask& DebugTask::Inst()	8	static
C:/Users/harry/Desktop/soar2/H743VIT6TemplateRepository/Components/LoggingTask/Inc/LoggingTask.hpp:31:23:static LoggingTask& LoggingTask::Inst()	8	static
C:\ST\STM32CubeIDE_1.19.0\STM32CubeIDE\plugins\com.st.stm32cube.ide.mcu.externaltools.gnu-tools-for-stm32.12.3.rel1.win32_1.1.100.202509120712\tools\arm-none-eabi\include\c++\12.3.1\bits\shared_ptr_base.h:293:5:void std::_Sp_counted_base<_Lp>::_M_release() [with __gnu_cxx::_Lock_policy _Lp = __gnu_cxx::_S_single]	16	static
C:\ST\STM32CubeIDE_1.19.0\STM32CubeIDE\plugins\com.st.stm32cube.ide.mcu.externaltools.gnu-tools-for-stm32.12.3.rel1.win32_1.1.100.202509120712\tools\bin/../lib/gcc/arm-none-eabi/12.3.1/../../../../arm-none-eabi/include/c++/12.3.1/bits/stl_deque.h:96:3:constexpr std::size_t std::__deque_buf_size(size_t)	16	static
C:/Users/harry/Desktop/soar2/H743VIT6TemplateRepository/AltitudePredictionFilter/Eigen\src/Core/util/Memory.h:114:31:void Eigen::internal::handmade_aligned_free(void*)	16	static
C:/Users/harry/Desktop/soar2/H743VIT6TemplateRepository/AltitudePredictionFilter/Eigen\src/Core/util/Memory.h:198:31:void Eigen::internal::aligned_free(void*)	16	static
C:/Users/harry/Desktop/soar2/H743VIT6TemplateRepository/AltitudePredictionFilter/Eigen\src/Core/util/IndexedViewHelper.h:137:16:Eigen::internal::all_t::all_t()	16	static
C:\ST\STM32CubeIDE_1.19.0\STM32CubeIDE\plugins\com.st.stm32cube.ide.mcu.externaltools.gnu-tools-for-stm32.12.3.rel1.win32_1.1.100.202509120712\tools\bin/../lib/gcc/arm-none-eabi/12.3.1/../../../../arm-none-eabi/include/c++/12.3.1/bits/stl_vector.h:133:14:constexpr std::_Vector_base<float, std::allocator<float> >::_Vector_impl::~_Vector_impl()	16	static
C:\ST\STM32CubeIDE_1.19.0\STM32CubeIDE\plugins\com.st.stm32cube.ide.mcu.externaltools.gnu-tools-for-stm32.12.3.rel1.win32_1.1.100.202509120712\tools\arm-none-eabi\include\c++\12.3.1\bits\shared_ptr_base.h:1524:7:std::__shared_ptr<_Tp, _Lp>::~__shared_ptr() [with _Tp = KDNode; __gnu_cxx::_Lock_policy _Lp = __gnu_cxx::_S_single]	16	static
C:\ST\STM32CubeIDE_1.19.0\STM32CubeIDE\plugins\com.st.stm32cube.ide.mcu.externaltools.gnu-tools-for-stm32.12.3.rel1.win32_1.1.100.202509120712\tools\bin/../lib/gcc/arm-none-eabi/12.3.1/../../../../arm-none-eabi/include/c++/12.3.1/bits/shared_ptr.h:175:11:std::shared_ptr<KDNode>::~shared_ptr()	16	static
C:/Users/harry/Desktop/soar2/H743VIT6TemplateRepository/AltitudePredictionFilter/KDTree.hpp:80:7:KDTree::~KDTree()	16	static
C:\ST\STM32CubeIDE_1.19.0\STM32CubeIDE\plugins\com.st.stm32cube.ide.mcu.externaltools.gnu-tools-for-stm32.12.3.rel1.win32_1.1.100.202509120712\tools\bin/../lib/gcc/arm-none-eabi/12.3.1/../../../../arm-none-eabi/include/c++/12.3.1/bits/stl_vector.h:133:14:constexpr std::_Vector_base<std::vector<float>, std::allocator<std::vector<float> > >::_Vector_impl::~_Vector_impl()	16	static
C:\ST\STM32CubeIDE_1.19.0\STM32CubeIDE\plugins\com.st.stm32cube.ide.mcu.externaltools.gnu-tools-for-stm32.12.3.rel1.win32_1.1.100.202509120712\tools\bin/../lib/gcc/arm-none-eabi/12.3.1/../../../../arm-none-eabi/include/c++/12.3.1/bits/stl_vector.h:298:7:constexpr std::_Vector_base<_Tp, _Alloc>::_Tp_alloc_type& std::_Vector_base<_Tp, _Alloc>::_M_get_Tp_allocator() [with _Tp = float; _Alloc = std::allocator<float>]	16	static
C:\ST\STM32CubeIDE_1.19.0\STM32CubeIDE\plugins\com.st.stm32cube.ide.mcu.externaltools.gnu-tools-for-stm32.12.3.rel1.win32_1.1.100.202509120712\tools\bin/../lib/gcc/arm-none-eabi/12.3.1/../../../../arm-none-eabi/include/c++/12.3.1/bits/allocator.h:174:7:constexpr std::allocator< <template-parameter-1-1> >::~allocator() [with _Tp = float]	16	static
C:\ST\STM32CubeIDE_1.19.0\STM32CubeIDE\plugins\com.st.stm32cube.ide.mcu.externaltools.gnu-tools-for-stm32.12.3.rel1.win32_1.1.100.202509120712\tools\bin/../lib/gcc/arm-none-eabi/12.3.1/../../../../arm-none-eabi/include/c++/12.3.1/bits/stl_pair.h:185:12:constexpr std::pair<std::vector<float>, std::vector<float> >::~pair()	16	static
C:\ST\STM32CubeIDE_1.19.0\STM32CubeIDE\plugins\com.st.stm32cube.ide.mcu.externaltools.gnu-tools-for-stm32.12.3.rel1.win32_1.1.100.202509120712\tools\bin/../lib/gcc/arm-none-eabi/12.3.1/../../../../arm-none-eabi/include/c++/12.3.1/bits/stl_vector.h:133:14:constexpr std::_Vector_base<int, std::allocator<int> >::_Vector_impl::~_Vector_impl()	16	static
C:\ST\STM32CubeIDE_1.19.0\STM32CubeIDE\plugins\com.st.stm32cube.ide.mcu.externaltools.gnu-tools-for-stm32.12.3.rel1.win32_1.1.100.202509120712\tools\bin/../lib/gcc/arm-none-eabi/12.3.1/../../../../arm-none-eabi/include/c++/12.3.1/bits/stl_vector.h:298:7:constexpr std::_Vector_base<_Tp, _Alloc>::_Tp_alloc_type& std::_Vector_base<_Tp, _Alloc>::_M_get_Tp_allocator() [with _Tp = int; _Alloc = std::allocator<int>]	16	static
C:\ST\STM32CubeIDE_1.19.0\STM32CubeIDE\plugins\com.st.stm32cube.ide.mcu.externaltools.gnu-tools-for-stm32.12.3.rel1.win32_1.1.100.202509120712\tools\bin/../lib/gcc/arm-none-eabi/12.3.1/../../../../arm-none-eabi/include/c++/12.3.1/bits/allocator.h:174:7:constexpr std::allocator< <template-parameter-1-1> >::~allocator() [with _Tp = int]	16	static
C:/Users/harry/Desktop/soar2/H743VIT6TemplateRepository/AltitudePredictionFilter/Eigen\src/Core/PlainObjectBase.h:98:7:Eigen::PlainObjectBase<Eigen::Matrix<float, -1, 1> >::~PlainObjectBase()	16	static
C:/Users/harry/Desktop/soar2/H743VIT6TemplateRepository/AltitudePredictionFilter/Eigen\src/Core/Matrix.h:178:7:Eigen::Matrix<float, -1, 1>::~Matrix()	16	static
C:/Users/harry/Desktop/soar2/H743VIT6TemplateRepository/AltitudePredictionFilter/Eigen\src/Core/PlainObjectBase.h:98:7:Eigen::PlainObjectBase<Eigen::Matrix<float, -1, -1> >::~PlainObjectBase()	16	static
C:/Users/harry/Desktop/soar2/H743VIT6TemplateRepository/AltitudePredictionFilter/Eigen\src/Core/Matrix.h:178:7:Eigen::Matrix<float, -1, -1>::~Matrix()	16	static
C:/Users/harry/Desktop/soar2/H743VIT6TemplateRepository/AltitudePredictionFilter/HALO.hpp:199:7:HALO::~HALO()	16	static
C:/Users/harry/Desktop/soar2/H743VIT6TemplateRepository/AltitudePredictionFilter/everestTaskHPP.hpp:125:7:EverestTask::~EverestTask()	16	static
C:/Users/harry/Desktop/soar2/H743VIT6TemplateRepository/Components/AltitudeTask/AltitudeTask.hpp:14:7:AltitudeTask::~AltitudeTask()	16	static
C:/Users/harry/Desktop/soar2/H743VIT6TemplateRepository/Components/AltitudeTask/AltitudeTask.hpp:17:23:void __tcf_2()	8	static
C:/Users/harry/Desktop/soar2/H743VIT6TemplateRepository/Components/AltitudeTask/AltitudeTask.hpp:16:23:static AltitudeTask& AltitudeTask::Inst()	8	static
../Components/main_system.cpp:34:6:void run_main()	8	static
C:/Users/harry/Desktop/soar2/H743VIT6TemplateRepository/SoarOS/Components/DataBroker/Inc/Publisher.hpp:38:3:Publisher<T, MaxSubscribers>::Publisher(DataBrokerMessageTypes) [with T = IMUData; unsigned char MaxSubscribers = 5]	16	static
C:/Users/harry/Desktop/soar2/H743VIT6TemplateRepository/SoarOS/Components/DataBroker/Inc/Publisher.hpp:38:3:Publisher<T, MaxSubscribers>::Publisher(DataBrokerMessageTypes) [with T = MagData; unsigned char MaxSubscribers = 5]	16	static
C:/Users/harry/Desktop/soar2/H743VIT6TemplateRepository/SoarOS/Components/DataBroker/Inc/Publisher.hpp:38:3:Publisher<T, MaxSubscribers>::Publisher(DataBrokerMessageTypes) [with T = BaroData; unsigned char MaxSubscribers = 5]	16	static
C:/Users/harry/Desktop/soar2/H743VIT6TemplateRepository/SoarOS/Components/DataBroker/Inc/Publisher.hpp:38:3:Publisher<T, MaxSubscribers>::Publisher(DataBrokerMessageTypes) [with T = FilterData; unsigned char MaxSubscribers = 5]	16	static
C:/Users/harry/Desktop/soar2/H743VIT6TemplateRepository/SoarOS/Components/DataBroker/Inc/Publisher.hpp:38:3:Publisher<T, MaxSubscribers>::Publisher(DataBrokerMessageTypes) [with T = GPSData; unsigned char MaxSubscribers = 5]	16	static
C:/Users/harry/Desktop/soar2/H743VIT6TemplateRepository/AltitudePredictionFilter/Eigen\src/Core/util/SymbolicIndex.h:219:3:Eigen::symbolic::SymbolExpr<tag>::SymbolExpr() [with tag = Eigen::internal::symbolic_last_tag]	16	static
C:/Users/harry/Desktop/soar2/H743VIT6TemplateRepository/AltitudePredictionFilter/Eigen\src/Core/util/IntegralConstant.h:56:3:Eigen::internal::FixedInt<N>::FixedInt() [with int N = 1]	16	static
C:/Users/harry/Desktop/soar2/H743VIT6TemplateRepository/AltitudePredictionFilter/Eigen\src/Core/util/IntegralConstant.h:82:12:Eigen::internal::FixedInt<N> Eigen::internal::FixedInt<N>::operator()() const [with int N = 1]	16	static
C:/Users/harry/Desktop/soar2/H743VIT6TemplateRepository/AltitudePredictionFilter/Eigen\src/Core/util/SymbolicIndex.h:117:55:Eigen::symbolic::AddExpr<Derived, Eigen::symbolic::ValueExpr<Eigen::internal::FixedInt<M> > > Eigen::symbolic::BaseExpr<Derived>::operator+(Eigen::internal::FixedInt<M>) const [with int N = 1; Derived = Eigen::symbolic::SymbolExpr<Eigen::internal::symbolic_last_tag>]	32	static
C:\ST\STM32CubeIDE_1.19.0\STM32CubeIDE\plugins\com.st.stm32cube.ide.mcu.externaltools.gnu-tools-for-stm32.12.3.rel1.win32_1.1.100.202509120712\tools\bin/../lib/gcc/arm-none-eabi/12.3.1/../../../../arm-none-eabi/include/c++/12.3.1/bits/stl_vector.h:728:7:constexpr std::vector<_Tp, _Alloc>::~vector() [with _Tp = float; _Alloc = std::allocator<float>]	24	static
C:\ST\STM32CubeIDE_1.19.0\STM32CubeIDE\plugins\com.st.stm32cube.ide.mcu.externaltools.gnu-tools-for-stm32.12.3.rel1.win32_1.1.100.202509120712\tools\bin/../lib/gcc/arm-none-eabi/12.3.1/../../../../arm-none-eabi/include/c++/12.3.1/bits/stl_vector.h:364:7:constexpr std::_Vector_base<_Tp, _Alloc>::~_Vector_base() [with _Tp = float; _Alloc = std::allocator<float>]	16	static
C:\ST\STM32CubeIDE_1.19.0\STM32CubeIDE\plugins\com.st.stm32cube.ide.mcu.externaltools.gnu-tools-for-stm32.12.3.rel1.win32_1.1.100.202509120712\tools\bin/../lib/gcc/arm-none-eabi/12.3.1/../../../../arm-none-eabi/include/c++/12.3.1/bits/stl_vector.h:728:7:constexpr std::vector<_Tp, _Alloc>::~vector() [with _Tp = std::vector<float>; _Alloc = std::allocator<std::vector<float> >]	24	static
C:\ST\STM32CubeIDE_1.19.0\STM32CubeIDE\plugins\com.st.stm32cube.ide.mcu.externaltools.gnu-tools-for-stm32.12.3.rel1.win32_1.1.100.202509120712\tools\arm-none-eabi\include\c++\12.3.1\bits\shared_ptr_base.h:1068:7:std::__shared_count<_Lp>::~__shared_count() [with __gnu_cxx::_Lock_policy _Lp = __gnu_cxx::_S_single]	16	static
C:\ST\STM32CubeIDE_1.19.0\STM32CubeIDE\plugins\com.st.stm32cube.ide.mcu.externaltools.gnu-tools-for-stm32.12.3.rel1.win32_1.1.100.202509120712\tools\bin/../lib/gcc/arm-none-eabi/12.3.1/../../../../arm-none-eabi/include/c++/12.3.1/bits/allocator.h:174:7:constexpr std::allocator< <template-parameter-1-1> >::~allocator() [with _Tp = std::vector<float>]	16	static
C:\ST\STM32CubeIDE_1.19.0\STM32CubeIDE\plugins\com.st.stm32cube.ide.mcu.externaltools.gnu-tools-for-stm32.12.3.rel1.win32_1.1.100.202509120712\tools\bin/../lib/gcc/arm-none-eabi/12.3.1/../../../../arm-none-eabi/include/c++/12.3.1/bits/stl_vector.h:364:7:constexpr std::_Vector_base<_Tp, _Alloc>::~_Vector_base() [with _Tp = std::vector<float>; _Alloc = std::allocator<std::vector<float> >]	16	static
C:\ST\STM32CubeIDE_1.19.0\STM32CubeIDE\plugins\com.st.stm32cube.ide.mcu.externaltools.gnu-tools-for-stm32.12.3.rel1.win32_1.1.100.202509120712\tools\bin/../lib/gcc/arm-none-eabi/12.3.1/../../../../arm-none-eabi/include/c++/12.3.1/bits/allocator.h:174:7:constexpr std::allocator< <template-parameter-1-1> >::~allocator() [with _Tp = std::pair<std::vector<float>, std::vector<float> >]	16	static
C:\ST\STM32CubeIDE_1.19.0\STM32CubeIDE\plugins\com.st.stm32cube.ide.mcu.externaltools.gnu-tools-for-stm32.12.3.rel1.win32_1.1.100.202509120712\tools\bin/../lib/gcc/arm-none-eabi/12.3.1/../../../../arm-none-eabi/include/c++/12.3.1/bits/stl_vector.h:728:7:constexpr std::vector<_Tp, _Alloc>::~vector() [with _Tp = std::pair<std::vector<float>, std::vector<float> >; _Alloc = std::allocator<std::pair<std::vector<float>, std::vector<float> > >]	24	static
C:\ST\STM32CubeIDE_1.19.0\STM32CubeIDE\plugins\com.st.stm32cube.ide.mcu.externaltools.gnu-tools-for-stm32.12.3.rel1.win32_1.1.100.202509120712\tools\bin/../lib/gcc/arm-none-eabi/12.3.1/../../../../arm-none-eabi/include/c++/12.3.1/bits/stl_vector.h:728:7:constexpr std::vector<_Tp, _Alloc>::~vector() [with _Tp = int; _Alloc = std::allocator<int>]	24	static
C:\ST\STM32CubeIDE_1.19.0\STM32CubeIDE\plugins\com.st.stm32cube.ide.mcu.externaltools.gnu-tools-for-stm32.12.3.rel1.win32_1.1.100.202509120712\tools\bin/../lib/gcc/arm-none-eabi/12.3.1/../../../../arm-none-eabi/include/c++/12.3.1/bits/stl_vector.h:364:7:constexpr std::_Vector_base<_Tp, _Alloc>::~_Vector_base() [with _Tp = int; _Alloc = std::allocator<int>]	16	static
C:\ST\STM32CubeIDE_1.19.0\STM32CubeIDE\plugins\com.st.stm32cube.ide.mcu.externaltools.gnu-tools-for-stm32.12.3.rel1.win32_1.1.100.202509120712\tools\bin/../lib/gcc/arm-none-eabi/12.3.1/../../../../arm-none-eabi/include/c++/12.3.1/bits/allocator.h:174:7:constexpr std::allocator< <template-parameter-1-1> >::~allocator() [with _Tp = std::vector<int>]	16	static
C:\ST\STM32CubeIDE_1.19.0\STM32CubeIDE\plugins\com.st.stm32cube.ide.mcu.externaltools.gnu-tools-for-stm32.12.3.rel1.win32_1.1.100.202509120712\tools\bin/../lib/gcc/arm-none-eabi/12.3.1/../../../../arm-none-eabi/include/c++/12.3.1/bits/stl_vector.h:728:7:constexpr std::vector<_Tp, _Alloc>::~vector() [with _Tp = std::vector<int>; _Alloc = std::allocator<std::vector<int> >]	24	static
C:/Users/harry/Desktop/soar2/H743VIT6TemplateRepository/AltitudePredictionFilter/Eigen\src/Core/DenseStorage.h:621:23:Eigen::DenseStorage<T, -1, -1, _Cols, _Options>::~DenseStorage() [with T = float; int _Cols = 1; int _Options = 0]	16	static
C:\ST\STM32CubeIDE_1.19.0\STM32CubeIDE\plugins\com.st.stm32cube.ide.mcu.externaltools.gnu-tools-for-stm32.12.3.rel1.win32_1.1.100.202509120712\tools\bin/../lib/gcc/arm-none-eabi/12.3.1/../../../../arm-none-eabi/include/c++/12.3.1/bits/stl_vector.h:728:7:constexpr std::vector<_Tp, _Alloc>::~vector() [with _Tp = Scenario; _Alloc = std::allocator<Scenario>]	24	static
C:\ST\STM32CubeIDE_1.19.0\STM32CubeIDE\plugins\com.st.stm32cube.ide.mcu.externaltools.gnu-tools-for-stm32.12.3.rel1.win32_1.1.100.202509120712\tools\bin/../lib/gcc/arm-none-eabi/12.3.1/../../../../arm-none-eabi/include/c++/12.3.1/bits/stl_deque.h:1027:7:std::deque<_Tp, _Alloc>::~deque() [with _Tp = Measurement; _Alloc = std::allocator<Measurement>]	48	static
C:/Users/harry/Desktop/soar2/H743VIT6TemplateRepository/AltitudePredictionFilter/Eigen\src/Core/DenseStorage.h:465:23:Eigen::DenseStorage<T, -1, -1, -1, _Options>::~DenseStorage() [with T = float; int _Options = 0]	16	static
C:/Users/harry/Desktop/soar2/H743VIT6TemplateRepository/AltitudePredictionFilter/Eigen\src/Core/util/SymbolicIndex.h:80:18:const Derived& Eigen::symbolic::BaseExpr<Derived>::derived() const [with Derived = Eigen::symbolic::SymbolExpr<Eigen::internal::symbolic_last_tag>]	16	static
C:/Users/harry/Desktop/soar2/H743VIT6TemplateRepository/AltitudePredictionFilter/Eigen\src/Core/util/SymbolicIndex.h:66:3:Eigen::symbolic::ValueExpr<Eigen::internal::FixedInt<N> >::ValueExpr() [with int N = 1]	16	static
C:/Users/harry/Desktop/soar2/H743VIT6TemplateRepository/AltitudePredictionFilter/Eigen\src/Core/util/SymbolicIndex.h:254:3:Eigen::symbolic::AddExpr<Arg1, Arg2>::AddExpr(const Arg0&, const Arg1&) [with Arg0 = Eigen::symbolic::SymbolExpr<Eigen::internal::symbolic_last_tag>; Arg1 = Eigen::symbolic::ValueExpr<Eigen::internal::FixedInt<1> >]	24	static
C:\ST\STM32CubeIDE_1.19.0\STM32CubeIDE\plugins\com.st.stm32cube.ide.mcu.externaltools.gnu-tools-for-stm32.12.3.rel1.win32_1.1.100.202509120712\tools\arm-none-eabi\include\c++\12.3.1\bits\alloc_traits.h:847:5:constexpr void std::_Destroy(_ForwardIterator, _ForwardIterator, allocator<_T2>&) [with _ForwardIterator = float*; _Tp = float]	24	static
C:\ST\STM32CubeIDE_1.19.0\STM32CubeIDE\plugins\com.st.stm32cube.ide.mcu.externaltools.gnu-tools-for-stm32.12.3.rel1.win32_1.1.100.202509120712\tools\bin/../lib/gcc/arm-none-eabi/12.3.1/../../../../arm-none-eabi/include/c++/12.3.1/bits/stl_vector.h:383:7:constexpr void std::_Vector_base<_Tp, _Alloc>::_M_deallocate(pointer, std::size_t) [with _Tp = float; _Alloc = std::allocator<float>]	24	static
C:\ST\STM32CubeIDE_1.19.0\STM32CubeIDE\plugins\com.st.stm32cube.ide.mcu.externaltools.gnu-tools-for-stm32.12.3.rel1.win32_1.1.100.202509120712\tools\bin/../lib/gcc/arm-none-eabi/12.3.1/../../../../arm-none-eabi/include/c++/12.3.1/bits/stl_vector.h:298:7:constexpr std::_Vector_base<_Tp, _Alloc>::_Tp_alloc_type& std::_Vector_base<_Tp, _Alloc>::_M_get_Tp_allocator() [with _Tp = std::vector<float>; _Alloc = std::allocator<std::vector<float> >]	16	static
C:\ST\STM32CubeIDE_1.19.0\STM32CubeIDE\plugins\com.st.stm32cube.ide.mcu.externaltools.gnu-tools-for-stm32.12.3.rel1.win32_1.1.100.202509120712\tools\arm-none-eabi\include\c++\12.3.1\bits\alloc_traits.h:847:5:constexpr void std::_Destroy(_ForwardIterator, _ForwardIterator, allocator<_T2>&) [with _ForwardIterator = vector<float>*; _Tp = vector<float>]	24	static
C:\ST\STM32CubeIDE_1.19.0\STM32CubeIDE\plugins\com.st.stm32cube.ide.mcu.externaltools.gnu-tools-for-stm32.12.3.rel1.win32_1.1.100.202509120712\tools\bin/../lib/gcc/arm-none-eabi/12.3.1/../../../../arm-none-eabi/include/c++/12.3.1/bits/stl_vector.h:383:7:constexpr void std::_Vector_base<_Tp, _Alloc>::_M_deallocate(pointer, std::size_t) [with _Tp = std::vector<float>; _Alloc = std::allocator<std::vector<float> >]	24	static
C:\ST\STM32CubeIDE_1.19.0\STM32CubeIDE\plugins\com.st.stm32cube.ide.mcu.externaltools.gnu-tools-for-stm32.12.3.rel1.win32_1.1.100.202509120712\tools\bin/../lib/gcc/arm-none-eabi/12.3.1/../../../../arm-none-eabi/include/c++/12.3.1/bits/stl_vector.h:133:14:constexpr std::_Vector_base<std::pair<std::vector<float>, std::vector<float> >, std::allocator<std::pair<std::vector<float>, std::vector<float> > > >::_Vector_impl::~_Vector_impl()	16	static
C:\ST\STM32CubeIDE_1.19.0\STM32CubeIDE\plugins\com.st.stm32cube.ide.mcu.externaltools.gnu-tools-for-stm32.12.3.rel1.win32_1.1.100.202509120712\tools\bin/../lib/gcc/arm-none-eabi/12.3.1/../../../../arm-none-eabi/include/c++/12.3.1/bits/stl_vector.h:364:7:constexpr std::_Vector_base<_Tp, _Alloc>::~_Vector_base() [with _Tp = std::pair<std::vector<float>, std::vector<float> >; _Alloc = std::allocator<std::pair<std::vector<float>, std::vector<float> > >]	16	static
C:\ST\STM32CubeIDE_1.19.0\STM32CubeIDE\plugins\com.st.stm32cube.ide.mcu.externaltools.gnu-tools-for-stm32.12.3.rel1.win32_1.1.100.202509120712\tools\bin/../lib/gcc/arm-none-eabi/12.3.1/../../../../arm-none-eabi/include/c++/12.3.1/bits/stl_vector.h:298:7:constexpr std::_Vector_base<_Tp, _Alloc>::_Tp_alloc_type& std::_Vector_base<_Tp, _Alloc>::_M_get_Tp_allocator() [with _Tp = std::pair<std::vector<float>, std::vector<float> >; _Alloc = std::allocator<std::pair<std::vector<float>, std::vector<float> > >]	16	static
C:\ST\STM32CubeIDE_1.19.0\STM32CubeIDE\plugins\com.st.stm32cube.ide.mcu.externaltools.gnu-tools-for-stm32.12.3.rel1.win32_1.1.100.202509120712\tools\arm-none-eabi\include\c++\12.3.1\bits\alloc_traits.h:847:5:constexpr void std::_Destroy(_ForwardIterator, _ForwardIterator, allocator<_T2>&) [with _ForwardIterator = pair<vector<float>, vector<float> >*; _Tp = pair<vector<float>, vector<float> >]	24	static
C:\ST\STM32CubeIDE_1.19.0\STM32CubeIDE\plugins\com.st.stm32cube.ide.mcu.externaltools.gnu-tools-for-stm32.12.3.rel1.win32_1.1.100.202509120712\tools\arm-none-eabi\include\c++\12.3.1\bits\alloc_traits.h:847:5:constexpr void std::_Destroy(_ForwardIterator, _ForwardIterator, allocator<_T2>&) [with _ForwardIterator = int*; _Tp = int]	24	static
C:\ST\STM32CubeIDE_1.19.0\STM32CubeIDE\plugins\com.st.stm32cube.ide.mcu.externaltools.gnu-tools-for-stm32.12.3.rel1.win32_1.1.100.202509120712\tools\bin/../lib/gcc/arm-none-eabi/12.3.1/../../../../arm-none-eabi/include/c++/12.3.1/bits/stl_vector.h:383:7:constexpr void std::_Vector_base<_Tp, _Alloc>::_M_deallocate(pointer, std::size_t) [with _Tp = int; _Alloc = std::allocator<int>]	24	static
C:\ST\STM32CubeIDE_1.19.0\STM32CubeIDE\plugins\com.st.stm32cube.ide.mcu.externaltools.gnu-tools-for-stm32.12.3.rel1.win32_1.1.100.202509120712\tools\bin/../lib/gcc/arm-none-eabi/12.3.1/../../../../arm-none-eabi/include/c++/12.3.1/bits/stl_vector.h:133:14:constexpr std::_Vector_base<std::vector<int>, std::allocator<std::vector<int> > >::_Vector_impl::~_Vector_impl()	16	static
C:\ST\STM32CubeIDE_1.19.0\STM32CubeIDE\plugins\com.st.stm32cube.ide.mcu.externaltools.gnu-tools-for-stm32.12.3.rel1.win32_1.1.100.202509120712\tools\bin/../lib/gcc/arm-none-eabi/12.3.1/../../../../arm-none-eabi/include/c++/12.3.1/bits/stl_vector.h:364:7:constexpr std::_Vector_base<_Tp, _Alloc>::~_Vector_base() [with _Tp = std::vector<int>; _Alloc = std::allocator<std::vector<int> >]	16	static
C:\ST\STM32CubeIDE_1.19.0\STM32CubeIDE\plugins\com.st.stm32cube.ide.mcu.externaltools.gnu-tools-for-stm32.12.3.rel1.win32_1.1.100.202509120712\tools\bin/../lib/gcc/arm-none-eabi/12.3.1/../../../../arm-none-eabi/include/c++/12.3.1/bits/stl_vector.h:298:7:constexpr std::_Vector_base<_Tp, _Alloc>::_Tp_alloc_type& std::_Vector_base<_Tp, _Alloc>::_M_get_Tp_allocator() [with _Tp = std::vector<int>; _Alloc = std::allocator<std::vector<int> >]	16	static
C:\ST\STM32CubeIDE_1.19.0\STM32CubeIDE\plugins\com.st.stm32cube.ide.mcu.externaltools.gnu-tools-for-stm32.12.3.rel1.win32_1.1.100.202509120712\tools\arm-none-eabi\include\c++\12.3.1\bits\alloc_traits.h:847:5:constexpr void std::_Destroy(_ForwardIterator, _ForwardIterator, allocator<_T2>&) [with _ForwardIterator = vector<int>*; _Tp = vector<int>]	24	static
C:\ST\STM32CubeIDE_1.19.0\STM32CubeIDE\plugins\com.st.stm32cube.ide.mcu.externaltools.gnu-tools-for-stm32.12.3.rel1.win32_1.1.100.202509120712\tools\bin/../lib/gcc/arm-none-eabi/12.3.1/../../../../arm-none-eabi/include/c++/12.3.1/bits/stl_vector.h:298:7:constexpr std::_Vector_base<_Tp, _Alloc>::_Tp_alloc_type& std::_Vector_base<_Tp, _Alloc>::_M_get_Tp_allocator() [with _Tp = Scenario; _Alloc = std::allocator<Scenario>]	16	static
C:\ST\STM32CubeIDE_1.19.0\STM32CubeIDE\plugins\com.st.stm32cube.ide.mcu.externaltools.gnu-tools-for-stm32.12.3.rel1.win32_1.1.100.202509120712\tools\bin/../lib/gcc/arm-none-eabi/12.3.1/../../../../arm-none-eabi/include/c++/12.3.1/bits/stl_vector.h:383:7:constexpr void std::_Vector_base<_Tp, _Alloc>::_M_deallocate(pointer, std::size_t) [with _Tp = Scenario; _Alloc = std::allocator<Scenario>]	24	static
C:\ST\STM32CubeIDE_1.19.0\STM32CubeIDE\plugins\com.st.stm32cube.ide.mcu.externaltools.gnu-tools-for-stm32.12.3.rel1.win32_1.1.100.202509120712\tools\arm-none-eabi\include\c++\12.3.1\bits\alloc_traits.h:847:5:constexpr void std::_Destroy(_ForwardIterator, _ForwardIterator, allocator<_T2>&) [with _ForwardIterator = Scenario*; _Tp = Scenario]	24	static
C:\ST\STM32CubeIDE_1.19.0\STM32CubeIDE\plugins\com.st.stm32cube.ide.mcu.externaltools.gnu-tools-for-stm32.12.3.rel1.win32_1.1.100.202509120712\tools\bin/../lib/gcc/arm-none-eabi/12.3.1/../../../../arm-none-eabi/include/c++/12.3.1/bits/stl_deque.h:1151:7:std::deque<_Tp, _Alloc>::iterator std::deque<_Tp, _Alloc>::begin() [with _Tp = Measurement; _Alloc = std::allocator<Measurement>]	16	static
C:\ST\STM32CubeIDE_1.19.0\STM32CubeIDE\plugins\com.st.stm32cube.ide.mcu.externaltools.gnu-tools-for-stm32.12.3.rel1.win32_1.1.100.202509120712\tools\bin/../lib/gcc/arm-none-eabi/12.3.1/../../../../arm-none-eabi/include/c++/12.3.1/bits/stl_deque.h:568:7:std::_Deque_base<_Tp, _Alloc>::_Tp_alloc_type& std::_Deque_base<_Tp, _Alloc>::_M_get_Tp_allocator() [with _Tp = Measurement; _Alloc = std::allocator<Measurement>]	16	static
C:/Users/harry/Desktop/soar2/H743VIT6TemplateRepository/AltitudePredictionFilter/Eigen\src/Core/util/Memory.h:442:64:void Eigen::internal::conditional_aligned_delete_auto(T*, std::size_t) [with T = float; bool Align = true]	16	static
C:\ST\STM32CubeIDE_1.19.0\STM32CubeIDE\plugins\com.st.stm32cube.ide.mcu.externaltools.gnu-tools-for-stm32.12.3.rel1.win32_1.1.100.202509120712\tools\bin/../lib/gcc/arm-none-eabi/12.3.1/../../../../arm-none-eabi/include/c++/12.3.1/bits/stl_vector.h:133:14:constexpr std::_Vector_base<Scenario, std::allocator<Scenario> >::_Vector_impl::~_Vector_impl()	16	static
C:\ST\STM32CubeIDE_1.19.0\STM32CubeIDE\plugins\com.st.stm32cube.ide.mcu.externaltools.gnu-tools-for-stm32.12.3.rel1.win32_1.1.100.202509120712\tools\bin/../lib/gcc/arm-none-eabi/12.3.1/../../../../arm-none-eabi/include/c++/12.3.1/bits/stl_vector.h:364:7:constexpr std::_Vector_base<_Tp, _Alloc>::~_Vector_base() [with _Tp = Scenario; _Alloc = std::allocator<Scenario>]	16	static
C:\ST\STM32CubeIDE_1.19.0\STM32CubeIDE\plugins\com.st.stm32cube.ide.mcu.externaltools.gnu-tools-for-stm32.12.3.rel1.win32_1.1.100.202509120712\tools\bin/../lib/gcc/arm-none-eabi/12.3.1/../../../../arm-none-eabi/include/c++/12.3.1/bits/stl_deque.h:542:14:constexpr std::_Deque_base<Measurement, std::allocator<Measurement> >::_Deque_impl::~_Deque_impl()	16	static
C:\ST\STM32CubeIDE_1.19.0\STM32CubeIDE\plugins\com.st.stm32cube.ide.mcu.externaltools.gnu-tools-for-stm32.12.3.rel1.win32_1.1.100.202509120712\tools\bin/../lib/gcc/arm-none-eabi/12.3.1/../../../../arm-none-eabi/include/c++/12.3.1/bits/stl_deque.h:617:5:std::_Deque_base<_Tp, _Alloc>::~_Deque_base() [with _Tp = Measurement; _Alloc = std::allocator<Measurement>]	16	static
C:\ST\STM32CubeIDE_1.19.0\STM32CubeIDE\plugins\com.st.stm32cube.ide.mcu.externaltools.gnu-tools-for-stm32.12.3.rel1.win32_1.1.100.202509120712\tools\bin/../lib/gcc/arm-none-eabi/12.3.1/../../../../arm-none-eabi/include/c++/12.3.1/bits/stl_deque.h:1170:7:std::deque<_Tp, _Alloc>::iterator std::deque<_Tp, _Alloc>::end() [with _Tp = Measurement; _Alloc = std::allocator<Measurement>]	16	static
C:\ST\STM32CubeIDE_1.19.0\STM32CubeIDE\plugins\com.st.stm32cube.ide.mcu.externaltools.gnu-tools-for-stm32.12.3.rel1.win32_1.1.100.202509120712\tools\bin/../lib/gcc/arm-none-eabi/12.3.1/../../../../arm-none-eabi/include/c++/12.3.1/bits/stl_deque.h:2087:7:void std::deque<_Tp, _Alloc>::_M_destroy_data(iterator, iterator, const std::allocator<_CharT>&) [with _Tp = Measurement; _Alloc = std::allocator<Measurement>]	56	static
C:\ST\STM32CubeIDE_1.19.0\STM32CubeIDE\plugins\com.st.stm32cube.ide.mcu.externaltools.gnu-tools-for-stm32.12.3.rel1.win32_1.1.100.202509120712\tools\arm-none-eabi\include\c++\12.3.1\bits\stl_construct.h:182:5:constexpr void std::_Destroy(_ForwardIterator, _ForwardIterator) [with _ForwardIterator = float*]	16	static
C:\ST\STM32CubeIDE_1.19.0\STM32CubeIDE\plugins\com.st.stm32cube.ide.mcu.externaltools.gnu-tools-for-stm32.12.3.rel1.win32_1.1.100.202509120712\tools\arm-none-eabi\include\c++\12.3.1\bits\alloc_traits.h:495:7:static constexpr void std::allocator_traits<std::allocator<_CharT> >::deallocate(allocator_type&, pointer, size_type) [with _Tp = float]	40	static
C:\ST\STM32CubeIDE_1.19.0\STM32CubeIDE\plugins\com.st.stm32cube.ide.mcu.externaltools.gnu-tools-for-stm32.12.3.rel1.win32_1.1.100.202509120712\tools\arm-none-eabi\include\c++\12.3.1\bits\stl_construct.h:182:5:constexpr void std::_Destroy(_ForwardIterator, _ForwardIterator) [with _ForwardIterator = vector<float>*]	16	static
C:\ST\STM32CubeIDE_1.19.0\STM32CubeIDE\plugins\com.st.stm32cube.ide.mcu.externaltools.gnu-tools-for-stm32.12.3.rel1.win32_1.1.100.202509120712\tools\arm-none-eabi\include\c++\12.3.1\bits\alloc_traits.h:495:7:static constexpr void std::allocator_traits<std::allocator<_CharT> >::deallocate(allocator_type&, pointer, size_type) [with _Tp = std::vector<float>]	40	static
C:\ST\STM32CubeIDE_1.19.0\STM32CubeIDE\plugins\com.st.stm32cube.ide.mcu.externaltools.gnu-tools-for-stm32.12.3.rel1.win32_1.1.100.202509120712\tools\bin/../lib/gcc/arm-none-eabi/12.3.1/../../../../arm-none-eabi/include/c++/12.3.1/bits/move.h:49:5:constexpr _Tp* std::__addressof(_Tp&) [with _Tp = float]	16	static
C:\ST\STM32CubeIDE_1.19.0\STM32CubeIDE\plugins\com.st.stm32cube.ide.mcu.externaltools.gnu-tools-for-stm32.12.3.rel1.win32_1.1.100.202509120712\tools\bin/../lib/gcc/arm-none-eabi/12.3.1/../../../../arm-none-eabi/include/c++/12.3.1/bits/stl_vector.h:383:7:constexpr void std::_Vector_base<_Tp, _Alloc>::_M_deallocate(pointer, std::size_t) [with _Tp = std::pair<std::vector<float>, std::vector<float> >; _Alloc = std::allocator<std::pair<std::vector<float>, std::vector<float> > >]	24	static
C:\ST\STM32CubeIDE_1.19.0\STM32CubeIDE\plugins\com.st.stm32cube.ide.mcu.externaltools.gnu-tools-for-stm32.12.3.rel1.win32_1.1.100.202509120712\tools\arm-none-eabi\include\c++\12.3.1\bits\stl_construct.h:182:5:constexpr void std::_Destroy(_ForwardIterator, _ForwardIterator) [with _ForwardIterator = pair<vector<float>, vector<float> >*]	16	static
C:\ST\STM32CubeIDE_1.19.0\STM32CubeIDE\plugins\com.st.stm32cube.ide.mcu.externaltools.gnu-tools-for-stm32.12.3.rel1.win32_1.1.100.202509120712\tools\arm-none-eabi\include\c++\12.3.1\bits\stl_construct.h:182:5:constexpr void std::_Destroy(_ForwardIterator, _ForwardIterator) [with _ForwardIterator = int*]	16	static
C:\ST\STM32CubeIDE_1.19.0\STM32CubeIDE\plugins\com.st.stm32cube.ide.mcu.externaltools.gnu-tools-for-stm32.12.3.rel1.win32_1.1.100.202509120712\tools\arm-none-eabi\include\c++\12.3.1\bits\alloc_traits.h:495:7:static constexpr void std::allocator_traits<std::allocator<_CharT> >::deallocate(allocator_type&, pointer, size_type) [with _Tp = int]	40	static
C:\ST\STM32CubeIDE_1.19.0\STM32CubeIDE\plugins\com.st.stm32cube.ide.mcu.externaltools.gnu-tools-for-stm32.12.3.rel1.win32_1.1.100.202509120712\tools\bin/../lib/gcc/arm-none-eabi/12.3.1/../../../../arm-none-eabi/include/c++/12.3.1/bits/move.h:49:5:constexpr _Tp* std::__addressof(_Tp&) [with _Tp = int]	16	static
C:\ST\STM32CubeIDE_1.19.0\STM32CubeIDE\plugins\com.st.stm32cube.ide.mcu.externaltools.gnu-tools-for-stm32.12.3.rel1.win32_1.1.100.202509120712\tools\bin/../lib/gcc/arm-none-eabi/12.3.1/../../../../arm-none-eabi/include/c++/12.3.1/bits/stl_vector.h:383:7:constexpr void std::_Vector_base<_Tp, _Alloc>::_M_deallocate(pointer, std::size_t) [with _Tp = std::vector<int>; _Alloc = std::allocator<std::vector<int> >]	24	static
C:\ST\STM32CubeIDE_1.19.0\STM32CubeIDE\plugins\com.st.stm32cube.ide.mcu.externaltools.gnu-tools-for-stm32.12.3.rel1.win32_1.1.100.202509120712\tools\arm-none-eabi\include\c++\12.3.1\bits\stl_construct.h:182:5:constexpr void std::_Destroy(_ForwardIterator, _ForwardIterator) [with _ForwardIterator = vector<int>*]	16	static
C:\ST\STM32CubeIDE_1.19.0\STM32CubeIDE\plugins\com.st.stm32cube.ide.mcu.externaltools.gnu-tools-for-stm32.12.3.rel1.win32_1.1.100.202509120712\tools\arm-none-eabi\include\c++\12.3.1\bits\alloc_traits.h:495:7:static constexpr void std::allocator_traits<std::allocator<_CharT> >::deallocate(allocator_type&, pointer, size_type) [with _Tp = Scenario]	40	static
C:\ST\STM32CubeIDE_1.19.0\STM32CubeIDE\plugins\com.st.stm32cube.ide.mcu.externaltools.gnu-tools-for-stm32.12.3.rel1.win32_1.1.100.202509120712\tools\arm-none-eabi\include\c++\12.3.1\bits\stl_construct.h:182:5:constexpr void std::_Destroy(_ForwardIterator, _ForwardIterator) [with _ForwardIterator = Scenario*]	16	static
C:\ST\STM32CubeIDE_1.19.0\STM32CubeIDE\plugins\com.st.stm32cube.ide.mcu.externaltools.gnu-tools-for-stm32.12.3.rel1.win32_1.1.100.202509120712\tools\bin/../lib/gcc/arm-none-eabi/12.3.1/../../../../arm-none-eabi/include/c++/12.3.1/bits/stl_deque.h:168:7:std::_Deque_iterator<_Tp, _Ref, _Ptr>::_Deque_iterator(const std::_Deque_iterator<_Tp, _Ref, _Ptr>&) [with _Tp = Measurement; _Ref = Measurement&; _Ptr = Measurement*]	16	static
C:\ST\STM32CubeIDE_1.19.0\STM32CubeIDE\plugins\com.st.stm32cube.ide.mcu.externaltools.gnu-tools-for-stm32.12.3.rel1.win32_1.1.100.202509120712\tools\bin/../lib/gcc/arm-none-eabi/12.3.1/../../../../arm-none-eabi/include/c++/12.3.1/bits/stl_deque.h:587:7:void std::_Deque_base<_Tp, _Alloc>::_M_deallocate_node(_Ptr) [with _Tp = Measurement; _Alloc = std::allocator<Measurement>]	24	static
C:/Users/harry/Desktop/soar2/H743VIT6TemplateRepository/AltitudePredictionFilter/Eigen\src/Core/util/Memory.h:257:52:void Eigen::internal::conditional_aligned_free(void*) [with bool Align = true]	16	static
C:\ST\STM32CubeIDE_1.19.0\STM32CubeIDE\plugins\com.st.stm32cube.ide.mcu.externaltools.gnu-tools-for-stm32.12.3.rel1.win32_1.1.100.202509120712\tools\bin/../lib/gcc/arm-none-eabi/12.3.1/../../../../arm-none-eabi/include/c++/12.3.1/bits/allocator.h:174:7:constexpr std::allocator< <template-parameter-1-1> >::~allocator() [with _Tp = Scenario]	16	static
C:\ST\STM32CubeIDE_1.19.0\STM32CubeIDE\plugins\com.st.stm32cube.ide.mcu.externaltools.gnu-tools-for-stm32.12.3.rel1.win32_1.1.100.202509120712\tools\bin/../lib/gcc/arm-none-eabi/12.3.1/../../../../arm-none-eabi/include/c++/12.3.1/bits/allocator.h:174:7:constexpr std::allocator< <template-parameter-1-1> >::~allocator() [with _Tp = Measurement]	16	static
C:\ST\STM32CubeIDE_1.19.0\STM32CubeIDE\plugins\com.st.stm32cube.ide.mcu.externaltools.gnu-tools-for-stm32.12.3.rel1.win32_1.1.100.202509120712\tools\bin/../lib/gcc/arm-none-eabi/12.3.1/../../../../arm-none-eabi/include/c++/12.3.1/bits/stl_deque.h:695:5:void std::_Deque_base<_Tp, _Alloc>::_M_destroy_nodes(_Map_pointer, _Map_pointer) [with _Tp = Measurement; _Alloc = std::allocator<Measurement>]	32	static
C:\ST\STM32CubeIDE_1.19.0\STM32CubeIDE\plugins\com.st.stm32cube.ide.mcu.externaltools.gnu-tools-for-stm32.12.3.rel1.win32_1.1.100.202509120712\tools\bin/../lib/gcc/arm-none-eabi/12.3.1/../../../../arm-none-eabi/include/c++/12.3.1/bits/stl_deque.h:601:7:void std::_Deque_base<_Tp, _Alloc>::_M_deallocate_map(_Map_pointer, std::size_t) [with _Tp = Measurement; _Alloc = std::allocator<Measurement>]	32	static
C:\ST\STM32CubeIDE_1.19.0\STM32CubeIDE\plugins\com.st.stm32cube.ide.mcu.externaltools.gnu-tools-for-stm32.12.3.rel1.win32_1.1.100.202509120712\tools\arm-none-eabi\include\c++\12.3.1\bits\stl_construct.h:160:2:static constexpr void std::_Destroy_aux<<anonymous> >::__destroy(_ForwardIterator, _ForwardIterator) [with _ForwardIterator = float*; bool <anonymous> = false]	16	static
C:\ST\STM32CubeIDE_1.19.0\STM32CubeIDE\plugins\com.st.stm32cube.ide.mcu.externaltools.gnu-tools-for-stm32.12.3.rel1.win32_1.1.100.202509120712\tools\arm-none-eabi\include\c++\12.3.1\bits\stl_construct.h:172:9:static void std::_Destroy_aux<true>::__destroy(_ForwardIterator, _ForwardIterator) [with _ForwardIterator = float*]	16	static
C:\ST\STM32CubeIDE_1.19.0\STM32CubeIDE\plugins\com.st.stm32cube.ide.mcu.externaltools.gnu-tools-for-stm32.12.3.rel1.win32_1.1.100.202509120712\tools\bin/../lib/gcc/arm-none-eabi/12.3.1/../../../../arm-none-eabi/include/c++/12.3.1/bits/move.h:49:5:constexpr _Tp* std::__addressof(_Tp&) [with _Tp = vector<float>]	16	static
C:\ST\STM32CubeIDE_1.19.0\STM32CubeIDE\plugins\com.st.stm32cube.ide.mcu.externaltools.gnu-tools-for-stm32.12.3.rel1.win32_1.1.100.202509120712\tools\arm-none-eabi\include\c++\12.3.1\bits\stl_construct.h:160:2:static constexpr void std::_Destroy_aux<<anonymous> >::__destroy(_ForwardIterator, _ForwardIterator) [with _ForwardIterator = std::vector<float>*; bool <anonymous> = false]	16	static
C:\ST\STM32CubeIDE_1.19.0\STM32CubeIDE\plugins\com.st.stm32cube.ide.mcu.externaltools.gnu-tools-for-stm32.12.3.rel1.win32_1.1.100.202509120712\tools\arm-none-eabi\include\c++\12.3.1\bits\stl_construct.h:80:5:constexpr void std::destroy_at(_Tp*) [with _Tp = vector<float>]	16	static
C:\ST\STM32CubeIDE_1.19.0\STM32CubeIDE\plugins\com.st.stm32cube.ide.mcu.externaltools.gnu-tools-for-stm32.12.3.rel1.win32_1.1.100.202509120712\tools\arm-none-eabi\include\c++\12.3.1\bits\alloc_traits.h:495:7:static constexpr void std::allocator_traits<std::allocator<_CharT> >::deallocate(allocator_type&, pointer, size_type) [with _Tp = std::pair<std::vector<float>, std::vector<float> >]	40	static
C:\ST\STM32CubeIDE_1.19.0\STM32CubeIDE\plugins\com.st.stm32cube.ide.mcu.externaltools.gnu-tools-for-stm32.12.3.rel1.win32_1.1.100.202509120712\tools\arm-none-eabi\include\c++\12.3.1\bits\stl_construct.h:160:2:static constexpr void std::_Destroy_aux<<anonymous> >::__destroy(_ForwardIterator, _ForwardIterator) [with _ForwardIterator = std::pair<std::vector<float>, std::vector<float> >*; bool <anonymous> = false]	16	static
C:\ST\STM32CubeIDE_1.19.0\STM32CubeIDE\plugins\com.st.stm32cube.ide.mcu.externaltools.gnu-tools-for-stm32.12.3.rel1.win32_1.1.100.202509120712\tools\arm-none-eabi\include\c++\12.3.1\bits\stl_construct.h:160:2:static constexpr void std::_Destroy_aux<<anonymous> >::__destroy(_ForwardIterator, _ForwardIterator) [with _ForwardIterator = int*; bool <anonymous> = false]	16	static
C:\ST\STM32CubeIDE_1.19.0\STM32CubeIDE\plugins\com.st.stm32cube.ide.mcu.externaltools.gnu-tools-for-stm32.12.3.rel1.win32_1.1.100.202509120712\tools\arm-none-eabi\include\c++\12.3.1\bits\stl_construct.h:172:9:static void std::_Destroy_aux<true>::__destroy(_ForwardIterator, _ForwardIterator) [with _ForwardIterator = int*]	16	static
C:\ST\STM32CubeIDE_1.19.0\STM32CubeIDE\plugins\com.st.stm32cube.ide.mcu.externaltools.gnu-tools-for-stm32.12.3.rel1.win32_1.1.100.202509120712\tools\arm-none-eabi\include\c++\12.3.1\bits\alloc_traits.h:495:7:static constexpr void std::allocator_traits<std::allocator<_CharT> >::deallocate(allocator_type&, pointer, size_type) [with _Tp = std::vector<int>]	40	static
C:\ST\STM32CubeIDE_1.19.0\STM32CubeIDE\plugins\com.st.stm32cube.ide.mcu.externaltools.gnu-tools-for-stm32.12.3.rel1.win32_1.1.100.202509120712\tools\arm-none-eabi\include\c++\12.3.1\bits\stl_construct.h:160:2:static constexpr void std::_Destroy_aux<<anonymous> >::__destroy(_ForwardIterator, _ForwardIterator) [with _ForwardIterator = std::vector<int>*; bool <anonymous> = false]	16	static
C:\ST\STM32CubeIDE_1.19.0\STM32CubeIDE\plugins\com.st.stm32cube.ide.mcu.externaltools.gnu-tools-for-stm32.12.3.rel1.win32_1.1.100.202509120712\tools\arm-none-eabi\include\c++\12.3.1\bits\stl_construct.h:160:2:static constexpr void std::_Destroy_aux<<anonymous> >::__destroy(_ForwardIterator, _ForwardIterator) [with _ForwardIterator = Scenario*; bool <anonymous> = false]	16	static
C:\ST\STM32CubeIDE_1.19.0\STM32CubeIDE\plugins\com.st.stm32cube.ide.mcu.externaltools.gnu-tools-for-stm32.12.3.rel1.win32_1.1.100.202509120712\tools\bin/../lib/gcc/arm-none-eabi/12.3.1/../../../../arm-none-eabi/include/c++/12.3.1/bits/move.h:49:5:constexpr _Tp* std::__addressof(_Tp&) [with _Tp = Scenario]	16	static
C:\ST\STM32CubeIDE_1.19.0\STM32CubeIDE\plugins\com.st.stm32cube.ide.mcu.externaltools.gnu-tools-for-stm32.12.3.rel1.win32_1.1.100.202509120712\tools\arm-none-eabi\include\c++\12.3.1\bits\alloc_traits.h:495:7:static constexpr void std::allocator_traits<std::allocator<_CharT> >::deallocate(allocator_type&, pointer, size_type) [with _Tp = Measurement]	40	static
C:\ST\STM32CubeIDE_1.19.0\STM32CubeIDE\plugins\com.st.stm32cube.ide.mcu.externaltools.gnu-tools-for-stm32.12.3.rel1.win32_1.1.100.202509120712\tools\bin/../lib/gcc/arm-none-eabi/12.3.1/../../../../arm-none-eabi/include/c++/12.3.1/bits/stl_deque.h:572:7:const std::_Deque_base<_Tp, _Alloc>::_Tp_alloc_type& std::_Deque_base<_Tp, _Alloc>::_M_get_Tp_allocator() const [with _Tp = Measurement; _Alloc = std::allocator<Measurement>]	16	static
C:\ST\STM32CubeIDE_1.19.0\STM32CubeIDE\plugins\com.st.stm32cube.ide.mcu.externaltools.gnu-tools-for-stm32.12.3.rel1.win32_1.1.100.202509120712\tools\bin/../lib/gcc/arm-none-eabi/12.3.1/../../../../arm-none-eabi/include/c++/12.3.1/bits/stl_deque.h:576:7:std::_Deque_base<_Tp, _Alloc>::_Map_alloc_type std::_Deque_base<_Tp, _Alloc>::_M_get_map_allocator() const [with _Tp = Measurement; _Alloc = std::allocator<Measurement>]	16	static
C:\ST\STM32CubeIDE_1.19.0\STM32CubeIDE\plugins\com.st.stm32cube.ide.mcu.externaltools.gnu-tools-for-stm32.12.3.rel1.win32_1.1.100.202509120712\tools\bin/../lib/gcc/arm-none-eabi/12.3.1/../../../../arm-none-eabi/include/c++/12.3.1/bits/allocator.h:174:7:constexpr std::allocator< <template-parameter-1-1> >::~allocator() [with _Tp = Measurement*]	16	static
C:\ST\STM32CubeIDE_1.19.0\STM32CubeIDE\plugins\com.st.stm32cube.ide.mcu.externaltools.gnu-tools-for-stm32.12.3.rel1.win32_1.1.100.202509120712\tools\arm-none-eabi\include\c++\12.3.1\bits\alloc_traits.h:495:7:static constexpr void std::allocator_traits<std::allocator<_CharT> >::deallocate(allocator_type&, pointer, size_type) [with _Tp = Measurement*]	40	static
C:\ST\STM32CubeIDE_1.19.0\STM32CubeIDE\plugins\com.st.stm32cube.ide.mcu.externaltools.gnu-tools-for-stm32.12.3.rel1.win32_1.1.100.202509120712\tools\arm-none-eabi\include\c++\12.3.1\bits\stl_construct.h:146:5:constexpr void std::_Destroy(_Tp*) [with _Tp = float]	16	static
C:\ST\STM32CubeIDE_1.19.0\STM32CubeIDE\plugins\com.st.stm32cube.ide.mcu.externaltools.gnu-tools-for-stm32.12.3.rel1.win32_1.1.100.202509120712\tools\arm-none-eabi\include\c++\12.3.1\bits\new_allocator.h:142:7:void std::__new_allocator<_Tp>::deallocate(_Tp*, size_type) [with _Tp = float]	24	static
C:\ST\STM32CubeIDE_1.19.0\STM32CubeIDE\plugins\com.st.stm32cube.ide.mcu.externaltools.gnu-tools-for-stm32.12.3.rel1.win32_1.1.100.202509120712\tools\arm-none-eabi\include\c++\12.3.1\bits\stl_construct.h:146:5:constexpr void std::_Destroy(_Tp*) [with _Tp = vector<float>]	16	static
C:\ST\STM32CubeIDE_1.19.0\STM32CubeIDE\plugins\com.st.stm32cube.ide.mcu.externaltools.gnu-tools-for-stm32.12.3.rel1.win32_1.1.100.202509120712\tools\arm-none-eabi\include\c++\12.3.1\bits\new_allocator.h:142:7:void std::__new_allocator<_Tp>::deallocate(_Tp*, size_type) [with _Tp = std::vector<float>]	24	static
C:\ST\STM32CubeIDE_1.19.0\STM32CubeIDE\plugins\com.st.stm32cube.ide.mcu.externaltools.gnu-tools-for-stm32.12.3.rel1.win32_1.1.100.202509120712\tools\bin/../lib/gcc/arm-none-eabi/12.3.1/../../../../arm-none-eabi/include/c++/12.3.1/bits/move.h:49:5:constexpr _Tp* std::__addressof(_Tp&) [with _Tp = pair<vector<float>, vector<float> >]	16	static
C:\ST\STM32CubeIDE_1.19.0\STM32CubeIDE\plugins\com.st.stm32cube.ide.mcu.externaltools.gnu-tools-for-stm32.12.3.rel1.win32_1.1.100.202509120712\tools\arm-none-eabi\include\c++\12.3.1\bits\stl_construct.h:146:5:constexpr void std::_Destroy(_Tp*) [with _Tp = pair<vector<float>, vector<float> >]	16	static
C:\ST\STM32CubeIDE_1.19.0\STM32CubeIDE\plugins\com.st.stm32cube.ide.mcu.externaltools.gnu-tools-for-stm32.12.3.rel1.win32_1.1.100.202509120712\tools\arm-none-eabi\include\c++\12.3.1\bits\stl_construct.h:146:5:constexpr void std::_Destroy(_Tp*) [with _Tp = int]	16	static
C:\ST\STM32CubeIDE_1.19.0\STM32CubeIDE\plugins\com.st.stm32cube.ide.mcu.externaltools.gnu-tools-for-stm32.12.3.rel1.win32_1.1.100.202509120712\tools\arm-none-eabi\include\c++\12.3.1\bits\new_allocator.h:142:7:void std::__new_allocator<_Tp>::deallocate(_Tp*, size_type) [with _Tp = int]	24	static
C:\ST\STM32CubeIDE_1.19.0\STM32CubeIDE\plugins\com.st.stm32cube.ide.mcu.externaltools.gnu-tools-for-stm32.12.3.rel1.win32_1.1.100.202509120712\tools\bin/../lib/gcc/arm-none-eabi/12.3.1/../../../../arm-none-eabi/include/c++/12.3.1/bits/move.h:49:5:constexpr _Tp* std::__addressof(_Tp&) [with _Tp = vector<int>]	16	static
C:\ST\STM32CubeIDE_1.19.0\STM32CubeIDE\plugins\com.st.stm32cube.ide.mcu.externaltools.gnu-tools-for-stm32.12.3.rel1.win32_1.1.100.202509120712\tools\arm-none-eabi\include\c++\12.3.1\bits\stl_construct.h:146:5:constexpr void std::_Destroy(_Tp*) [with _Tp = vector<int>]	16	static
C:\ST\STM32CubeIDE_1.19.0\STM32CubeIDE\plugins\com.st.stm32cube.ide.mcu.externaltools.gnu-tools-for-stm32.12.3.rel1.win32_1.1.100.202509120712\tools\arm-none-eabi\include\c++\12.3.1\bits\new_allocator.h:142:7:void std::__new_allocator<_Tp>::deallocate(_Tp*, size_type) [with _Tp = Scenario]	24	static
C:\ST\STM32CubeIDE_1.19.0\STM32CubeIDE\plugins\com.st.stm32cube.ide.mcu.externaltools.gnu-tools-for-stm32.12.3.rel1.win32_1.1.100.202509120712\tools\arm-none-eabi\include\c++\12.3.1\bits\stl_construct.h:146:5:constexpr void std::_Destroy(_Tp*) [with _Tp = Scenario]	16	static
C:\ST\STM32CubeIDE_1.19.0\STM32CubeIDE\plugins\com.st.stm32cube.ide.mcu.externaltools.gnu-tools-for-stm32.12.3.rel1.win32_1.1.100.202509120712\tools\bin/../lib/gcc/arm-none-eabi/12.3.1/../../../../arm-none-eabi/include/c++/12.3.1/bits/allocator.h:169:2:constexpr std::allocator< <template-parameter-1-1> >::allocator(const std::allocator<_Tp1>&) [with _Tp1 = Measurement; _Tp = Measurement*]	16	static
C:\ST\STM32CubeIDE_1.19.0\STM32CubeIDE\plugins\com.st.stm32cube.ide.mcu.externaltools.gnu-tools-for-stm32.12.3.rel1.win32_1.1.100.202509120712\tools\arm-none-eabi\include\c++\12.3.1\bits\stl_construct.h:80:5:constexpr void std::destroy_at(_Tp*) [with _Tp = float]	16	static
C:\ST\STM32CubeIDE_1.19.0\STM32CubeIDE\plugins\com.st.stm32cube.ide.mcu.externaltools.gnu-tools-for-stm32.12.3.rel1.win32_1.1.100.202509120712\tools\arm-none-eabi\include\c++\12.3.1\bits\new_allocator.h:142:7:void std::__new_allocator<_Tp>::deallocate(_Tp*, size_type) [with _Tp = std::pair<std::vector<float>, std::vector<float> >]	24	static
C:\ST\STM32CubeIDE_1.19.0\STM32CubeIDE\plugins\com.st.stm32cube.ide.mcu.externaltools.gnu-tools-for-stm32.12.3.rel1.win32_1.1.100.202509120712\tools\arm-none-eabi\include\c++\12.3.1\bits\stl_construct.h:80:5:constexpr void std::destroy_at(_Tp*) [with _Tp = pair<vector<float>, vector<float> >]	16	static
C:\ST\STM32CubeIDE_1.19.0\STM32CubeIDE\plugins\com.st.stm32cube.ide.mcu.externaltools.gnu-tools-for-stm32.12.3.rel1.win32_1.1.100.202509120712\tools\arm-none-eabi\include\c++\12.3.1\bits\stl_construct.h:80:5:constexpr void std::destroy_at(_Tp*) [with _Tp = int]	16	static
C:\ST\STM32CubeIDE_1.19.0\STM32CubeIDE\plugins\com.st.stm32cube.ide.mcu.externaltools.gnu-tools-for-stm32.12.3.rel1.win32_1.1.100.202509120712\tools\arm-none-eabi\include\c++\12.3.1\bits\new_allocator.h:142:7:void std::__new_allocator<_Tp>::deallocate(_Tp*, size_type) [with _Tp = std::vector<int>]	24	static
C:\ST\STM32CubeIDE_1.19.0\STM32CubeIDE\plugins\com.st.stm32cube.ide.mcu.externaltools.gnu-tools-for-stm32.12.3.rel1.win32_1.1.100.202509120712\tools\arm-none-eabi\include\c++\12.3.1\bits\stl_construct.h:80:5:constexpr void std::destroy_at(_Tp*) [with _Tp = vector<int>]	16	static
C:/Users/harry/Desktop/soar2/H743VIT6TemplateRepository/AltitudePredictionFilter/HALO.hpp:39:8:Scenario::~Scenario()	16	static
C:\ST\STM32CubeIDE_1.19.0\STM32CubeIDE\plugins\com.st.stm32cube.ide.mcu.externaltools.gnu-tools-for-stm32.12.3.rel1.win32_1.1.100.202509120712\tools\arm-none-eabi\include\c++\12.3.1\bits\stl_construct.h:80:5:constexpr void std::destroy_at(_Tp*) [with _Tp = Scenario]	16	static
C:\ST\STM32CubeIDE_1.19.0\STM32CubeIDE\plugins\com.st.stm32cube.ide.mcu.externaltools.gnu-tools-for-stm32.12.3.rel1.win32_1.1.100.202509120712\tools\arm-none-eabi\include\c++\12.3.1\bits\new_allocator.h:142:7:void std::__new_allocator<_Tp>::deallocate(_Tp*, size_type) [with _Tp = Measurement]	24	static
C:\ST\STM32CubeIDE_1.19.0\STM32CubeIDE\plugins\com.st.stm32cube.ide.mcu.externaltools.gnu-tools-for-stm32.12.3.rel1.win32_1.1.100.202509120712\tools\arm-none-eabi\include\c++\12.3.1\bits\new_allocator.h:80:7:constexpr std::__new_allocator<_Tp>::__new_allocator() [with _Tp = Measurement*]	16	static
C:\ST\STM32CubeIDE_1.19.0\STM32CubeIDE\plugins\com.st.stm32cube.ide.mcu.externaltools.gnu-tools-for-stm32.12.3.rel1.win32_1.1.100.202509120712\tools\arm-none-eabi\include\c++\12.3.1\bits\new_allocator.h:142:7:void std::__new_allocator<_Tp>::deallocate(_Tp*, size_type) [with _Tp = Measurement*]	24	static
../Components/main_system.cpp:85:1:void __static_initialization_and_destruction_0(int, int)	24	static
../Components/main_system.cpp:85:1:cpp)	8	static
../Components/main_system.cpp:85:1:cpp)	8	static
