C:/Users/Owner/Desktop/SOAR/H743VIT6TemplateRepository/SoarOS/Core/Inc/Command.hpp:48:21:GLOBAL_COMMANDS Command::GetCommand() const	16	static
C:/Users/Owner/Desktop/SOAR/H743VIT6TemplateRepository/SoarOS/Core/Inc/Command.hpp:49:14:uint16_t Command::GetTaskCommand() const	16	static
C:/Users/Owner/Desktop/SOAR/H743VIT6TemplateRepository/PeripheralDriversSubmodule/MS5607Driver/Inc/MS5607Driver.hpp:24:2:MS5607_Driver::MS5607_Driver(SPI_HandleTypeDef*, GPIO_TypeDef*, uint16_t)	24	static
C:/Users/Owner/Desktop/SOAR/H743VIT6TemplateRepository/PeripheralDriversSubmodule/MS5607Driver/Inc/BaroTask07.hpp:40:22:static BaroTask07& BaroTask07::Inst()	8	static
C:/Users/Owner/Desktop/SOAR/H743VIT6TemplateRepository/PeripheralDriversSubmodule/MS5607Driver/Inc/BaroTask07.hpp:50:15:static void BaroTask07::RunTask(void*)	16	static
C:/Users/Owner/Desktop/SOAR/H743VIT6TemplateRepository/SoarOS/Components/DataBroker/Inc/Subscriber.hpp:46:22:const Task* Subscriber::getSubscriberTaskHandle() const	16	static
C:/Users/Owner/Desktop/SOAR/H743VIT6TemplateRepository/SoarOS/Components/DataBroker/Inc/Subscriber.hpp:48:17:Queue* Subscriber::getSubscriberQueueHandle() const	16	static
C:\ST\STM32CubeIDE_1.19.0\STM32CubeIDE\plugins\com.st.stm32cube.ide.mcu.externaltools.gnu-tools-for-stm32.13.3.rel1.win32_1.0.0.202411081344\tools\arm-none-eabi\include\c++\13.3.1\arm-none-eabi\thumb\v7e-m+dp\hard\bits\gthr-default.h:229:1:int __gthread_key_delete(__gthread_key_t)	16	static
../PeripheralDriversSubmodule/MS5607Driver/BaroTask07.cpp:47:1:BaroTask07::BaroTask07()	16	static
../PeripheralDriversSubmodule/MS5607Driver/BaroTask07.cpp:56:6:virtual void BaroTask07::InitTask()	32	static
../PeripheralDriversSubmodule/MS5607Driver/BaroTask07.cpp:72:6:void BaroTask07::Run(void*)	56	static
../PeripheralDriversSubmodule/MS5607Driver/BaroTask07.cpp:90:6:void BaroTask07::HandleCommand(Command&)	16	static
../PeripheralDriversSubmodule/MS5607Driver/BaroTask07.cpp:103:6:void BaroTask07::HandleRequestCommand(uint16_t)	16	static
../PeripheralDriversSubmodule/MS5607Driver/BaroTask07.cpp:116:6:void BaroTask07::LogData()	16	static
C:/Users/Owner/Desktop/SOAR/H743VIT6TemplateRepository/SoarOS/Components/DataBroker/Inc/Publisher.hpp:38:3:Publisher<T, MaxSubscribers>::Publisher(DataBrokerMessageTypes) [with T = IMUData; unsigned char MaxSubscribers = 5]	16	static
C:/Users/Owner/Desktop/SOAR/H743VIT6TemplateRepository/SoarOS/Components/DataBroker/Inc/Publisher.hpp:38:3:Publisher<T, MaxSubscribers>::Publisher(DataBrokerMessageTypes) [with T = MagData; unsigned char MaxSubscribers = 5]	16	static
C:/Users/Owner/Desktop/SOAR/H743VIT6TemplateRepository/SoarOS/Components/DataBroker/Inc/Publisher.hpp:38:3:Publisher<T, MaxSubscribers>::Publisher(DataBrokerMessageTypes) [with T = BaroData; unsigned char MaxSubscribers = 5]	16	static
C:/Users/Owner/Desktop/SOAR/H743VIT6TemplateRepository/SoarOS/Components/DataBroker/Inc/Publisher.hpp:38:3:Publisher<T, MaxSubscribers>::Publisher(DataBrokerMessageTypes) [with T = FilterData; unsigned char MaxSubscribers = 5]	16	static
C:/Users/Owner/Desktop/SOAR/H743VIT6TemplateRepository/SoarOS/Components/DataBroker/Inc/Publisher.hpp:38:3:Publisher<T, MaxSubscribers>::Publisher(DataBrokerMessageTypes) [with T = GPSData; unsigned char MaxSubscribers = 5]	16	static
C:/Users/Owner/Desktop/SOAR/H743VIT6TemplateRepository/SoarOS/Components/DataBroker/Inc/DataBroker.hpp:45:15:static void DataBroker::Publish(T*) [with T = BaroData]	24	static
C:/Users/Owner/Desktop/SOAR/H743VIT6TemplateRepository/SoarOS/Components/DataBroker/Inc/Publisher.hpp:75:8:void Publisher<T, MaxSubscribers>::Publish(T*) [with T = BaroData; unsigned char MaxSubscribers = 5]	56	static
../PeripheralDriversSubmodule/MS5607Driver/BaroTask07.cpp:125:1:void __static_initialization_and_destruction_0()	8	static
../PeripheralDriversSubmodule/MS5607Driver/BaroTask07.cpp:125:1:void __static_initialization_and_destruction_1()	8	static
../PeripheralDriversSubmodule/MS5607Driver/BaroTask07.cpp:125:1:cpp)	8	static
../PeripheralDriversSubmodule/MS5607Driver/BaroTask07.cpp:125:1:cpp)	8	static
