C:/Users/Owner/Desktop/SOAR/H743VIT6TemplateRepository/SoarOS/Core/Inc/Command.hpp:48:21:GLOBAL_COMMANDS Command::GetCommand() const	16	static
C:/Users/Owner/Desktop/SOAR/H743VIT6TemplateRepository/SoarOS/Core/Inc/Command.hpp:49:14:uint16_t Command::GetTaskCommand() const	16	static
../PeripheralDriversSubmodule/Components/IMUTask.hpp:35:7:IMUTask::~IMUTask()	16	static
../PeripheralDriversSubmodule/Components/IMUTask.hpp:40:19:void __tcf_1()	8	static
../PeripheralDriversSubmodule/Components/IMUTask.hpp:39:19:static IMUTask& IMUTask::Inst()	8	static
../PeripheralDriversSubmodule/Components/IMUTask.hpp:53:15:static void IMUTask::RunTask(void*)	16	static
C:/Users/Owner/Desktop/SOAR/H743VIT6TemplateRepository/SoarOS/Components/DataBroker/Inc/Subscriber.hpp:46:22:const Task* Subscriber::getSubscriberTaskHandle() const	16	static
C:/Users/Owner/Desktop/SOAR/H743VIT6TemplateRepository/SoarOS/Components/DataBroker/Inc/Subscriber.hpp:48:17:Queue* Subscriber::getSubscriberQueueHandle() const	16	static
C:\ST\STM32CubeIDE_1.19.0\STM32CubeIDE\plugins\com.st.stm32cube.ide.mcu.externaltools.gnu-tools-for-stm32.13.3.rel1.win32_1.0.0.202411081344\tools\arm-none-eabi\include\c++\13.3.1\arm-none-eabi\thumb\v7e-m+dp\hard\bits\gthr-default.h:229:1:int __gthread_key_delete(__gthread_key_t)	16	static
../PeripheralDriversSubmodule/Components/IMUTask.cpp:35:1:IMUTask::IMUTask()	16	static
../PeripheralDriversSubmodule/Components/IMUTask.cpp:44:6:virtual void IMUTask::InitTask()	32	static
../PeripheralDriversSubmodule/Components/IMUTask.cpp:60:6:void IMUTask::Run(void*)	64	static
../PeripheralDriversSubmodule/Components/IMUTask.cpp:82:6:void IMUTask::HandleCommand(Command&)	16	static
../PeripheralDriversSubmodule/Components/IMUTask.cpp:99:6:void IMUTask::HandleRequestCommand(uint16_t)	48	static
../PeripheralDriversSubmodule/Components/IMUTask.cpp:117:6:void IMUTask::LogData()	16	static
C:/Users/Owner/Desktop/SOAR/H743VIT6TemplateRepository/SoarOS/Components/DataBroker/Inc/Publisher.hpp:38:3:Publisher<T, MaxSubscribers>::Publisher(DataBrokerMessageTypes) [with T = IMUData; unsigned char MaxSubscribers = 5]	16	static
C:/Users/Owner/Desktop/SOAR/H743VIT6TemplateRepository/SoarOS/Components/DataBroker/Inc/Publisher.hpp:38:3:Publisher<T, MaxSubscribers>::Publisher(DataBrokerMessageTypes) [with T = MagData; unsigned char MaxSubscribers = 5]	16	static
C:/Users/Owner/Desktop/SOAR/H743VIT6TemplateRepository/SoarOS/Components/DataBroker/Inc/Publisher.hpp:38:3:Publisher<T, MaxSubscribers>::Publisher(DataBrokerMessageTypes) [with T = BaroData; unsigned char MaxSubscribers = 5]	16	static
C:/Users/Owner/Desktop/SOAR/H743VIT6TemplateRepository/SoarOS/Components/DataBroker/Inc/Publisher.hpp:38:3:Publisher<T, MaxSubscribers>::Publisher(DataBrokerMessageTypes) [with T = FilterData; unsigned char MaxSubscribers = 5]	16	static
C:/Users/Owner/Desktop/SOAR/H743VIT6TemplateRepository/SoarOS/Components/DataBroker/Inc/Publisher.hpp:38:3:Publisher<T, MaxSubscribers>::Publisher(DataBrokerMessageTypes) [with T = GPSData; unsigned char MaxSubscribers = 5]	16	static
C:/Users/Owner/Desktop/SOAR/H743VIT6TemplateRepository/SoarOS/Components/DataBroker/Inc/DataBroker.hpp:45:15:static void DataBroker::Publish(T*) [with T = IMUData]	24	static
C:/Users/Owner/Desktop/SOAR/H743VIT6TemplateRepository/SoarOS/Components/DataBroker/Inc/Publisher.hpp:75:8:void Publisher<T, MaxSubscribers>::Publish(T*) [with T = IMUData; unsigned char MaxSubscribers = 5]	56	static
../PeripheralDriversSubmodule/Components/IMUTask.cpp:126:1:void __static_initialization_and_destruction_0()	8	static
../PeripheralDriversSubmodule/Components/IMUTask.cpp:126:1:void __static_initialization_and_destruction_1()	8	static
../PeripheralDriversSubmodule/Components/IMUTask.cpp:126:1:cpp)	8	static
../PeripheralDriversSubmodule/Components/IMUTask.cpp:126:1:cpp)	8	static
