../PeripheralDriversSubmodule/Components/LSM6DO32Driver.cpp:17:6:void LSM6DO32_Driver::Init(SPI_HandleTypeDef*, GPIO_TypeDef*, uint16_t)	32	static
../PeripheralDriversSubmodule/Components/LSM6DO32Driver.cpp:43:6:bool LSM6DO32_Driver::SetRegister(LSM6DSO32_REGISTER_t, uint8_t)	24	static
../PeripheralDriversSubmodule/Components/LSM6DO32Driver.cpp:58:9:uint8_t LSM6DO32_Driver::GetRegister(LSM6DSO32_REGISTER_t)	32	static
../PeripheralDriversSubmodule/Components/LSM6DO32Driver.cpp:73:6:void LSM6DO32_Driver::GetMultipleRegisters(LSM6DSO32_REGISTER_t, int, uint8_t*)	88	dynamic
../PeripheralDriversSubmodule/Components/LSM6DO32Driver.cpp:91:6:void LSM6DO32_Driver::SampleFIFOs(int, uint8_t*, size_t)	32	static
../PeripheralDriversSubmodule/Components/LSM6DO32Driver.cpp:107:15:const IMUData LSM6DO32_Driver::ConvertRawMeasurementToStruct(const uint8_t*, bool, bool, bool)	32	static
../PeripheralDriversSubmodule/Components/LSM6DO32Driver.cpp:144:6:void LSM6DO32_Driver::ReadSensors(uint8_t*)	16	static
../PeripheralDriversSubmodule/Components/LSM6DO32Driver.cpp:149:1:LSM6DO32_Driver::LSM6DO32_Driver()	16	static
../PeripheralDriversSubmodule/Components/LSM6DO32Driver.cpp:152:1:LSM6DO32_Driver::~LSM6DO32_Driver()	16	static
../PeripheralDriversSubmodule/Components/LSM6DO32Driver.cpp:155:6:void LSM6DO32_Driver::CSLow()	16	static
../PeripheralDriversSubmodule/Components/LSM6DO32Driver.cpp:160:6:void LSM6DO32_Driver::SetCSPin(GPIO_TypeDef*, uint16_t)	24	static
../PeripheralDriversSubmodule/Components/LSM6DO32Driver.cpp:165:6:void LSM6DO32_Driver::CSHigh()	16	static
../PeripheralDriversSubmodule/Components/LSM6DO32Driver.cpp:173:6:void LSM6DO32_Driver::SetAccelODR(LSM6D032_SAMPLE_SPEED)	16	static
../PeripheralDriversSubmodule/Components/LSM6DO32Driver.cpp:181:6:void LSM6DO32_Driver::SetGyroODR(LSM6D032_SAMPLE_SPEED)	16	static
../PeripheralDriversSubmodule/Components/LSM6DO32Driver.cpp:189:6:void LSM6DO32_Driver::SetAccelFullScaleRange(LSM6D032_ACCEL_SCALE_SELECT)	16	static
../PeripheralDriversSubmodule/Components/LSM6DO32Driver.cpp:197:6:void LSM6DO32_Driver::SetGyroFullScaleRange(LSM6D032_GYRO_SCALE_SELECT)	16	static
