C:/Users/Owner/Desktop/SOAR/H743VIT6TemplateRepository/SoarOS/Core/Inc/Command.hpp:48:21:GLOBAL_COMMANDS Command::GetCommand() const	16	static
C:/Users/Owner/Desktop/SOAR/H743VIT6TemplateRepository/SoarOS/Core/Inc/Command.hpp:49:14:uint16_t Command::GetTaskCommand() const	16	static
C:/Users/Owner/Desktop/SOAR/H743VIT6TemplateRepository/SoarOS/Core/Inc/Task.hpp:27:12:Queue* Task::GetEventQueue() const	16	static
../PeripheralDriversSubmodule/GPS/GPSTask.hpp:51:7:GPSTask::~GPSTask()	16	static
../PeripheralDriversSubmodule/GPS/GPSTask.hpp:55:24:void __tcf_0()	8	static
../PeripheralDriversSubmodule/GPS/GPSTask.hpp:54:21:static GPSTask& GPSTask::Inst()	8	static
../PeripheralDriversSubmodule/GPS/GPSTask.hpp:65:17:static void GPSTask::RunTask(void*)	16	static
C:/Users/Owner/Desktop/SOAR/H743VIT6TemplateRepository/SoarOS/Components/DataBroker/Inc/Subscriber.hpp:46:22:const Task* Subscriber::getSubscriberTaskHandle() const	16	static
C:/Users/Owner/Desktop/SOAR/H743VIT6TemplateRepository/SoarOS/Components/DataBroker/Inc/Subscriber.hpp:48:17:Queue* Subscriber::getSubscriberQueueHandle() const	16	static
C:\ST\STM32CubeIDE_1.19.0\STM32CubeIDE\plugins\com.st.stm32cube.ide.mcu.externaltools.gnu-tools-for-stm32.13.3.rel1.win32_1.0.0.202411081344\tools\arm-none-eabi\include\c++\13.3.1\arm-none-eabi\thumb\v7e-m+dp\hard\bits\gthr-default.h:229:1:int __gthread_key_delete(__gthread_key_t)	16	static
C:/Users/Owner/Desktop/SOAR/H743VIT6TemplateRepository/Components/LoggingTask/Inc/LoggingTask.hpp:31:23:static LoggingTask& LoggingTask::Inst()	8	static
../PeripheralDriversSubmodule/GPS/GPSTask.cpp:26:1:GPSTask::GPSTask()	16	static
../PeripheralDriversSubmodule/GPS/GPSTask.cpp:34:6:virtual void GPSTask::InitTask()	32	static
../PeripheralDriversSubmodule/GPS/GPSTask.cpp:54:6:void GPSTask::HandleGPSRxComplete()	40	static
../PeripheralDriversSubmodule/GPS/GPSTask.cpp:128:6:void GPSTask::Run(void*)	32	static
../PeripheralDriversSubmodule/GPS/GPSTask.cpp:148:6:void GPSTask::HandleCommand(Command&)	16	static
../PeripheralDriversSubmodule/GPS/GPSTask.cpp:178:6:void GPSTask::HandleRequestCommand(uint16_t)	16	static
../PeripheralDriversSubmodule/GPS/GPSTask.cpp:207:6:bool GPSTask::ReceiveData()	16	static
../PeripheralDriversSubmodule/GPS/GPSTask.cpp:223:6:void GPSTask::LogDataToFlash()	32	static
../PeripheralDriversSubmodule/GPS/GPSTask.cpp:237:6:void GPSTask::ParseGpsData()	48	static
C:/Users/Owner/Desktop/SOAR/H743VIT6TemplateRepository/SoarOS/Components/DataBroker/Inc/Publisher.hpp:38:3:Publisher<T, MaxSubscribers>::Publisher(DataBrokerMessageTypes) [with T = IMUData; unsigned char MaxSubscribers = 5]	16	static
C:/Users/Owner/Desktop/SOAR/H743VIT6TemplateRepository/SoarOS/Components/DataBroker/Inc/Publisher.hpp:38:3:Publisher<T, MaxSubscribers>::Publisher(DataBrokerMessageTypes) [with T = MagData; unsigned char MaxSubscribers = 5]	16	static
C:/Users/Owner/Desktop/SOAR/H743VIT6TemplateRepository/SoarOS/Components/DataBroker/Inc/Publisher.hpp:38:3:Publisher<T, MaxSubscribers>::Publisher(DataBrokerMessageTypes) [with T = BaroData; unsigned char MaxSubscribers = 5]	16	static
C:/Users/Owner/Desktop/SOAR/H743VIT6TemplateRepository/SoarOS/Components/DataBroker/Inc/Publisher.hpp:38:3:Publisher<T, MaxSubscribers>::Publisher(DataBrokerMessageTypes) [with T = FilterData; unsigned char MaxSubscribers = 5]	16	static
C:/Users/Owner/Desktop/SOAR/H743VIT6TemplateRepository/SoarOS/Components/DataBroker/Inc/Publisher.hpp:38:3:Publisher<T, MaxSubscribers>::Publisher(DataBrokerMessageTypes) [with T = GPSData; unsigned char MaxSubscribers = 5]	16	static
C:/Users/Owner/Desktop/SOAR/H743VIT6TemplateRepository/SoarOS/Components/DataBroker/Inc/DataBroker.hpp:45:15:static void DataBroker::Publish(T*) [with T = GPSData]	24	static
C:/Users/Owner/Desktop/SOAR/H743VIT6TemplateRepository/SoarOS/Components/DataBroker/Inc/Publisher.hpp:75:8:void Publisher<T, MaxSubscribers>::Publish(T*) [with T = GPSData; unsigned char MaxSubscribers = 5]	56	static
../PeripheralDriversSubmodule/GPS/GPSTask.cpp:363:1:void __static_initialization_and_destruction_0()	8	static
../PeripheralDriversSubmodule/GPS/GPSTask.cpp:363:1:void __static_initialization_and_destruction_1()	8	static
../PeripheralDriversSubmodule/GPS/GPSTask.cpp:363:1:cpp)	8	static
../PeripheralDriversSubmodule/GPS/GPSTask.cpp:363:1:cpp)	8	static
