C:/Users/Owner/Desktop/SOAR/H743VIT6TemplateRepository/SoarOS/CubeDefines.hpp:66:17:uint8_t* cube_malloc(uint32_t)	24	static
C:/Users/Owner/Desktop/SOAR/H743VIT6TemplateRepository/SoarOS/CubeDefines.hpp:90:14:void* operator new(size_t)	16	static
C:/Users/Owner/Desktop/SOAR/H743VIT6TemplateRepository/SoarOS/Core/Inc/Command.hpp:49:14:uint16_t Command::GetTaskCommand() const	16	static
../PeripheralDriversSubmodule/NAU7802/NAU7802Task.hpp:37:25:static NAU7802Task& NAU7802Task::Inst()	8	static
../PeripheralDriversSubmodule/NAU7802/NAU7802Task.hpp:57:17:static void NAU7802Task::RunTask(void*)	16	static
../PeripheralDriversSubmodule/NAU7802/NAU7802Task.cpp:41:2:NAU7802Task::NAU7802Task()	16	static
../PeripheralDriversSubmodule/NAU7802/NAU7802Task.cpp:50:6:void NAU7802Task::Init(I2C_HandleTypeDef*)	24	static
../PeripheralDriversSubmodule/NAU7802/NAU7802Task.cpp:59:6:virtual void NAU7802Task::InitTask()	32	static
../PeripheralDriversSubmodule/NAU7802/NAU7802Task.cpp:77:6:void NAU7802Task::Run(void*)	32	static
../PeripheralDriversSubmodule/NAU7802/NAU7802Task.cpp:125:6:void NAU7802Task::HandleCommand(Command&)	16	static
