../PeripheralDriversSubmodule/NAU7802/NAU7802.cpp:14:1:NAU7802::NAU7802(I2C_Wrapper*, uint8_t)	24	static
../PeripheralDriversSubmodule/NAU7802/NAU7802.cpp:18:11:NauStatus NAU7802::begin(uint8_t)	24	static
../PeripheralDriversSubmodule/NAU7802/NAU7802.cpp:46:6:bool NAU7802::isReady()	24	static
../PeripheralDriversSubmodule/NAU7802/NAU7802.cpp:54:11:NauStatus NAU7802::readSensor(NAU7802_OUT*)	24	static
../PeripheralDriversSubmodule/NAU7802/NAU7802.cpp:76:11:NauStatus NAU7802::reset()	16	static
../PeripheralDriversSubmodule/NAU7802/NAU7802.cpp:86:11:NauStatus NAU7802::setGain(uint8_t)	24	static
../PeripheralDriversSubmodule/NAU7802/NAU7802.cpp:122:11:NauStatus NAU7802::writeRegister(uint8_t, uint8_t)	16	static
../PeripheralDriversSubmodule/NAU7802/NAU7802.cpp:129:11:NauStatus NAU7802::readRegister(uint8_t, uint8_t*)	24	static
../PeripheralDriversSubmodule/NAU7802/NAU7802.cpp:136:11:NauStatus NAU7802::readRegisters(uint8_t, uint8_t*, uint8_t)	32	static
../PeripheralDriversSubmodule/NAU7802/NAU7802.cpp:143:11:NauStatus NAU7802::modifyRegisterBit(uint8_t, uint8_t, bool)	24	static
../PeripheralDriversSubmodule/NAU7802/NAU7802.cpp:163:11:NauStatus NAU7802::calibrate()	16	static
