../Drivers/CMSIS/Include/core_cm7.h:1890:26:__NVIC_GetPriorityGrouping	4	static
../Drivers/CMSIS/Include/core_cm7.h:1902:22:__NVIC_EnableIRQ	16	static,ignoring_inline_asm
../Drivers/CMSIS/Include/core_cm7.h:2032:22:__NVIC_SetPriority	16	static
../Drivers/CMSIS/Include/core_cm7.h:2079:26:NVIC_EncodePriority	40	static
../Drivers/STM32H7xx_HAL_Driver/Inc/stm32h7xx_ll_usart.h:635:22:LL_USART_Enable	16	static
../Drivers/STM32H7xx_HAL_Driver/Inc/stm32h7xx_ll_usart.h:686:22:LL_USART_DisableFIFO	16	static
../Drivers/STM32H7xx_HAL_Driver/Inc/stm32h7xx_ll_usart.h:719:22:LL_USART_SetTXFIFOThreshold	40	static,ignoring_inline_asm
../Drivers/STM32H7xx_HAL_Driver/Inc/stm32h7xx_ll_usart.h:758:22:LL_USART_SetRXFIFOThreshold	40	static,ignoring_inline_asm
../Drivers/STM32H7xx_HAL_Driver/Inc/stm32h7xx_ll_usart.h:2674:22:LL_USART_ConfigAsyncMode	16	static
../Drivers/STM32H7xx_HAL_Driver/Inc/stm32h7xx_ll_usart.h:3194:26:LL_USART_IsActiveFlag_TEACK	16	static
../Drivers/STM32H7xx_HAL_Driver/Inc/stm32h7xx_ll_usart.h:3205:26:LL_USART_IsActiveFlag_REACK	16	static
../Drivers/STM32H7xx_HAL_Driver/Inc/stm32h7xx_ll_bus.h:1384:22:LL_AHB4_GRP1_EnableClock	24	static
../Drivers/STM32H7xx_HAL_Driver/Inc/stm32h7xx_ll_bus.h:1862:22:LL_APB1_GRP1_EnableClock	24	static
../Core/Src/main.c:87:5:main	8	static
../Core/Src/main.c:175:6:SystemClock_Config	120	static
../Core/Src/main.c:226:6:PeriphCommonClock_Config	200	static
../Core/Src/main.c:245:13:MX_CRC_Init	8	static
../Core/Src/main.c:276:13:MX_QUADSPI_Init	8	static
../Core/Src/main.c:311:13:MX_SPI1_Init	8	static
../Core/Src/main.c:359:13:MX_SPI2_Init	8	static
../Core/Src/main.c:407:13:MX_SPI3_Init	8	static
../Core/Src/main.c:455:13:MX_SPI4_Init	8	static
../Core/Src/main.c:503:13:MX_UART7_Init	256	static
../Core/Src/main.c:582:13:MX_UART8_Init	256	static
../Core/Src/main.c:661:13:MX_USB_OTG_FS_USB_Init	4	static
../Core/Src/main.c:682:13:MX_GPIO_Init	48	static
../Core/Src/main.c:789:6:StartDefaultTask	16	static
../Core/Src/main.c:808:6:HAL_TIM_PeriodElapsedCallback	16	static
../Core/Src/main.c:826:6:Error_Handler	4	static,ignoring_inline_asm
