../Drivers/CMSIS/Include/core_cm7.h:1890:26:__NVIC_GetPriorityGrouping	4	static
../Drivers/CMSIS/Include/core_cm7.h:1902:22:__NVIC_EnableIRQ	16	static,ignoring_inline_asm
../Drivers/CMSIS/Include/core_cm7.h:2032:22:__NVIC_SetPriority	16	static
../Drivers/CMSIS/Include/core_cm7.h:2079:26:NVIC_EncodePriority	40	static
../Drivers/STM32H7xx_HAL_Driver/Inc/stm32h7xx_ll_usart.h:635:22:LL_USART_Enable	16	static
../Drivers/STM32H7xx_HAL_Driver/Inc/stm32h7xx_ll_usart.h:686:22:LL_USART_DisableFIFO	16	static
../Drivers/STM32H7xx_HAL_Driver/Inc/stm32h7xx_ll_usart.h:719:22:LL_USART_SetTXFIFOThreshold	40	static,ignoring_inline_asm
../Drivers/STM32H7xx_HAL_Driver/Inc/stm32h7xx_ll_usart.h:758:22:LL_USART_SetRXFIFOThreshold	40	static,ignoring_inline_asm
../Drivers/STM32H7xx_HAL_Driver/Inc/stm32h7xx_ll_usart.h:2674:22:LL_USART_ConfigAsyncMode	16	static
../Drivers/STM32H7xx_HAL_Driver/Inc/stm32h7xx_ll_usart.h:3194:26:LL_USART_IsActiveFlag_TEACK	16	static
../Drivers/STM32H7xx_HAL_Driver/Inc/stm32h7xx_ll_usart.h:3205:26:LL_USART_IsActiveFlag_REACK	16	static
../Drivers/STM32H7xx_HAL_Driver/Inc/stm32h7xx_ll_bus.h:1384:22:LL_AHB4_GRP1_EnableClock	24	static
../Drivers/STM32H7xx_HAL_Driver/Inc/stm32h7xx_ll_bus.h:1862:22:LL_APB1_GRP1_EnableClock	24	static
../Core/Src/main.c:74:5:main	8	static
../Core/Src/main.c:153:6:SystemClock_Config	120	static
../Core/Src/main.c:204:13:MX_CRC_Init	8	static
../Core/Src/main.c:235:13:MX_USART3_UART_Init	256	static
../Core/Src/main.c:314:13:MX_GPIO_Init	16	static
../Core/Src/main.c:337:6:StartDefaultTask	16	static
../Core/Src/main.c:350:6:MPU_Config	24	static
../Core/Src/main.c:385:6:HAL_TIM_PeriodElapsedCallback	16	static
../Core/Src/main.c:402:6:Error_Handler	4	static,ignoring_inline_asm
