C:\ST\STM32CubeIDE_1.19.0\STM32CubeIDE\plugins\com.st.stm32cube.ide.mcu.externaltools.gnu-tools-for-stm32.13.3.rel1.win32_1.0.0.202411081344\tools\arm-none-eabi\include\c++\13.3.1\arm-none-eabi\thumb\v7e-m+dp\hard\bits\gthr-default.h:229:1:int __gthread_key_delete(__gthread_key_t)	16	static
../Components/LoggingModule/LoggingService.cpp:28:1:LoggingService::LoggingService(LoggingDest, LoggingData, uint8_t*, uint32_t, LoggingPriority)	24	static
../Components/LoggingModule/LoggingService.cpp:40:15:LoggingStatus LoggingService::LogData()	24	static
../Components/LoggingModule/LoggingService.cpp:72:15:LoggingStatus LoggingService::LogToMX66()	24	static
../Components/LoggingModule/LoggingService.cpp:124:13:const char* SensorTypeName(LoggingData)	16	static
../Components/LoggingModule/LoggingService.cpp:139:6:static void LoggingService::ProcessFlashDump()	144	static
../Components/LoggingModule/LoggingService.cpp:224:6:static void LoggingService::StopDump()	4	static
../Components/LoggingModule/LoggingService.cpp:229:15:LoggingStatus LoggingService::LogToInternalMemory()	16	static
../Components/LoggingModule/LoggingService.cpp:239:6:bool LoggingService::BytesEqual(const uint8_t*, const uint8_t*, uint32_t)	32	static
../Components/LoggingModule/LoggingService.cpp:252:15:LoggingStatus LoggingService::MemAppend(const LoggingPacket*)	32	static
C:/Users/Owner/Desktop/SOAR/H743VIT6TemplateRepository/SoarOS/Components/DataBroker/Inc/Publisher.hpp:38:3:Publisher<T, MaxSubscribers>::Publisher(DataBrokerMessageTypes) [with T = IMUData; unsigned char MaxSubscribers = 5]	16	static
C:/Users/Owner/Desktop/SOAR/H743VIT6TemplateRepository/SoarOS/Components/DataBroker/Inc/Publisher.hpp:38:3:Publisher<T, MaxSubscribers>::Publisher(DataBrokerMessageTypes) [with T = MagData; unsigned char MaxSubscribers = 5]	16	static
C:/Users/Owner/Desktop/SOAR/H743VIT6TemplateRepository/SoarOS/Components/DataBroker/Inc/Publisher.hpp:38:3:Publisher<T, MaxSubscribers>::Publisher(DataBrokerMessageTypes) [with T = BaroData; unsigned char MaxSubscribers = 5]	16	static
C:/Users/Owner/Desktop/SOAR/H743VIT6TemplateRepository/SoarOS/Components/DataBroker/Inc/Publisher.hpp:38:3:Publisher<T, MaxSubscribers>::Publisher(DataBrokerMessageTypes) [with T = FilterData; unsigned char MaxSubscribers = 5]	16	static
C:/Users/Owner/Desktop/SOAR/H743VIT6TemplateRepository/SoarOS/Components/DataBroker/Inc/Publisher.hpp:38:3:Publisher<T, MaxSubscribers>::Publisher(DataBrokerMessageTypes) [with T = GPSData; unsigned char MaxSubscribers = 5]	16	static
../Components/LoggingModule/LoggingService.cpp:283:1:void __static_initialization_and_destruction_0()	8	static
../Components/LoggingModule/LoggingService.cpp:283:1:void __static_initialization_and_destruction_1()	8	static
../Components/LoggingModule/LoggingService.cpp:283:1:cpp)	8	static
../Components/LoggingModule/LoggingService.cpp:283:1:cpp)	8	static
