../Components/Flash/Driver/mx66xx_qspi.cpp:54:13:void MX66xxQSPI_BuildCommand(QSPI_CommandTypeDef*, uint8_t, uint32_t, uint32_t, uint32_t, uint32_t, uint32_t, uint32_t)	24	static
../Components/Flash/Driver/mx66xx_qspi.cpp:88:13:bool MX66xxQSPI_CommandOnly(uint8_t)	88	static
../Components/Flash/Driver/mx66xx_qspi.cpp:95:13:bool MX66xxQSPI_CommandOnlyInstructionType(uint8_t, uint32_t)	88	static
../Components/Flash/Driver/mx66xx_qspi.cpp:102:13:bool MX66xxQSPI_CommandAddressOnly(uint8_t, uint32_t, uint32_t)	128	static
../Components/Flash/Driver/mx66xx_qspi.cpp:145:13:bool MX66xxQSPI_CommandReceive(uint8_t, uint32_t, uint32_t, uint32_t, uint8_t*, uint32_t, uint32_t)	96	static
../Components/Flash/Driver/mx66xx_qspi.cpp:192:13:bool MX66xxQSPI_CommandTransmit(uint8_t, uint32_t, uint32_t, uint32_t, uint8_t*, uint32_t, uint32_t)	96	static
../Components/Flash/Driver/mx66xx_qspi.cpp:239:13:bool MX66xxQSPI_IsWriteEnabled()	8	static
../Components/Flash/Driver/mx66xx_qspi.cpp:244:13:bool MX66xxQSPI_VerifyProgramSample(uint32_t, const uint8_t*, uint32_t)	32	static
../Components/Flash/Driver/mx66xx_qspi.cpp:265:13:bool MX66xxQSPI_PrepareWrite()	16	static
../Components/Flash/Driver/mx66xx_qspi.cpp:275:10:uint32_t MX66xxQSPI_QPIReadID()	88	static
../Components/Flash/Driver/mx66xx_qspi.cpp:291:6:void MX66xxQSPI_ReadUniqID()	24	static
../Components/Flash/Driver/mx66xx_qspi.cpp:302:6:void MX66xxQSPI_EQIO()	8	static
../Components/Flash/Driver/mx66xx_qspi.cpp:309:6:void MX66xxQSPI_EQIO_1LINE()	8	static
../Components/Flash/Driver/mx66xx_qspi.cpp:314:6:void MX66xxQSPI_EN4B()	8	static
../Components/Flash/Driver/mx66xx_qspi.cpp:324:6:void MX66xxQSPI_EX4B()	8	static
../Components/Flash/Driver/mx66xx_qspi.cpp:334:6:void MX66xxQSPI_RSTQIO()	8	static
../Components/Flash/Driver/mx66xx_qspi.cpp:340:6:void MX66xxQSPI_RSTEN()	8	static
../Components/Flash/Driver/mx66xx_qspi.cpp:346:6:void MX66xxQSPI_RST()	8	static
../Components/Flash/Driver/mx66xx_qspi.cpp:352:6:void MX66xxQSPI_WriteEnable()	8	static
../Components/Flash/Driver/mx66xx_qspi.cpp:358:6:void MX66xxQSPI_WriteDisable()	8	static
../Components/Flash/Driver/mx66xx_qspi.cpp:364:9:uint8_t MX66xxQSPI_ReadStatusRegister()	32	static
../Components/Flash/Driver/mx66xx_qspi.cpp:385:6:void MX66xxQSPI_WriteStatusRegister(uint8_t)	32	static
../Components/Flash/Driver/mx66xx_qspi.cpp:404:6:void MX66xxQSPI_WaitForWriteEnd()	16	static
../Components/Flash/Driver/mx66xx_qspi.cpp:429:6:bool MX66xxQSPI_Init()	8	static
../Components/Flash/Driver/mx66xx_qspi.cpp:460:6:void MX66xxQSPI_EraseChip()	8	static
../Components/Flash/Driver/mx66xx_qspi.cpp:479:6:void MX66xxQSPI_EraseSector(uint32_t)	24	static
../Components/Flash/Driver/mx66xx_qspi.cpp:513:6:void MX66xxQSPI_EraseBlock(uint32_t)	24	static
../Components/Flash/Driver/mx66xx_qspi.cpp:541:10:uint32_t MX66xxQSPI_PageToSector(uint32_t)	16	static
../Components/Flash/Driver/mx66xx_qspi.cpp:546:10:uint32_t MX66xxQSPI_PageToBlock(uint32_t)	16	static
../Components/Flash/Driver/mx66xx_qspi.cpp:551:10:uint32_t MX66xxQSPI_SectorToBlock(uint32_t)	16	static
../Components/Flash/Driver/mx66xx_qspi.cpp:556:10:uint32_t MX66xxQSPI_SectorToPage(uint32_t)	16	static
../Components/Flash/Driver/mx66xx_qspi.cpp:561:10:uint32_t MX66xxQSPI_BlockToPage(uint32_t)	16	static
../Components/Flash/Driver/mx66xx_qspi.cpp:566:6:bool MX66xxQSPI_IsEmptyPage(uint32_t, uint32_t, uint32_t)	72	static
../Components/Flash/Driver/mx66xx_qspi.cpp:602:6:bool MX66xxQSPI_IsEmptySector(uint32_t, uint32_t, uint32_t)	72	static
../Components/Flash/Driver/mx66xx_qspi.cpp:638:6:bool MX66xxQSPI_IsEmptyBlock(uint32_t, uint32_t, uint32_t)	72	static
../Components/Flash/Driver/mx66xx_qspi.cpp:674:6:void MX66xxQSPI_WriteByte(uint8_t, uint32_t)	24	static
../Components/Flash/Driver/mx66xx_qspi.cpp:679:6:void MX66xxQSPI_WritePage(uint8_t*, uint32_t, uint32_t, uint32_t)	56	static
../Components/Flash/Driver/mx66xx_qspi.cpp:743:6:void MX66xxQSPI_WriteSector(uint8_t*, uint32_t, uint32_t, uint32_t)	48	static
../Components/Flash/Driver/mx66xx_qspi.cpp:775:6:void MX66xxQSPI_WriteBlock(uint8_t*, uint32_t, uint32_t, uint32_t)	48	static
../Components/Flash/Driver/mx66xx_qspi.cpp:807:6:void MX66xxQSPI_ReadByte(uint8_t*, uint32_t)	16	static
../Components/Flash/Driver/mx66xx_qspi.cpp:812:6:void MX66xxQSPI_ReadBytes(uint8_t*, uint32_t, uint32_t)	24	static
../Components/Flash/Driver/mx66xx_qspi.cpp:818:6:void MX66xxQSPI_QReadBytes(uint8_t*, uint32_t, uint32_t)	40	static
../Components/Flash/Driver/mx66xx_qspi.cpp:829:6:void MX66xxQSPI_4ReadBytes(uint8_t*, uint32_t, uint32_t)	80	static
../Components/Flash/Driver/mx66xx_qspi.cpp:853:6:void MX66xxQSPI_FastReadBytes(uint8_t*, uint32_t, uint32_t)	24	static
../Components/Flash/Driver/mx66xx_qspi.cpp:858:6:void MX66xxQSPI_ReadPage(uint8_t*, uint32_t, uint32_t, uint32_t)	32	static
../Components/Flash/Driver/mx66xx_qspi.cpp:867:6:void MX66xxQSPI_ReadSector(uint8_t*, uint32_t, uint32_t, uint32_t)	32	static
../Components/Flash/Driver/mx66xx_qspi.cpp:876:6:void MX66xxQSPI_ReadBlock(uint8_t*, uint32_t, uint32_t, uint32_t)	32	static
../Components/Flash/Driver/mx66xx_qspi.cpp:885:6:void MX66xxQSPI_ReadSFDP(uint8_t*)	32	static
../Components/Flash/Driver/mx66xx_qspi.cpp:899:6:void MX66xxQSPI_ReleaseFromDeepPowerDown()	8	static
../Components/Flash/Driver/mx66xx_qspi.cpp:905:6:bool MX66xxQSPI_IsWriteProtected()	8	static
