../Components/Flash/Driver/mx66xx.cpp:28:13:void MX66xx_BuildCommand(QSPI_CommandTypeDef*, uint8_t, uint32_t, uint32_t, uint32_t, uint32_t, uint32_t)	24	static
../Components/Flash/Driver/mx66xx.cpp:52:13:bool MX66xx_IsWriteEnabled()	8	static
../Components/Flash/Driver/mx66xx.cpp:57:13:bool MX66xx_IsAnyBlockProtected()	8	static
../Components/Flash/Driver/mx66xx.cpp:62:13:bool MX66xx_PrepareForErase()	8	static
../Components/Flash/Driver/mx66xx.cpp:81:10:uint32_t MX66xx_ReadID()	88	static
../Components/Flash/Driver/mx66xx.cpp:94:6:void MX66xx_ReadUniqID()	80	static
../Components/Flash/Driver/mx66xx.cpp:102:6:void MX66xx_EN4B()	80	static
../Components/Flash/Driver/mx66xx.cpp:111:6:void MX66xx_EX4B()	80	static
../Components/Flash/Driver/mx66xx.cpp:120:6:void MX66xx_RSTQIO()	80	static
../Components/Flash/Driver/mx66xx.cpp:128:6:void MX66xx_RSTEN()	80	static
../Components/Flash/Driver/mx66xx.cpp:136:6:void MX66xx_RST()	80	static
../Components/Flash/Driver/mx66xx.cpp:144:6:void MX66xx_WriteEnable()	80	static
../Components/Flash/Driver/mx66xx.cpp:152:6:void MX66xx_WriteDisable()	80	static
../Components/Flash/Driver/mx66xx.cpp:160:9:uint8_t MX66xx_ReadStatusRegister(uint8_t)	96	static
../Components/Flash/Driver/mx66xx.cpp:193:6:void MX66xx_WriteStatusRegister(uint8_t, uint8_t)	88	static
../Components/Flash/Driver/mx66xx.cpp:215:6:void MX66xx_WaitForWriteEnd()	120	static
../Components/Flash/Driver/mx66xx.cpp:245:6:bool MX66xx_Init()	8	static
../Components/Flash/Driver/mx66xx.cpp:282:6:void MX66xx_EraseChip()	88	static
../Components/Flash/Driver/mx66xx.cpp:308:6:void MX66xx_EraseSector(uint32_t)	96	static
../Components/Flash/Driver/mx66xx.cpp:347:6:void MX66xx_EraseBlock(uint32_t)	96	static
../Components/Flash/Driver/mx66xx.cpp:386:10:uint32_t MX66xx_PageToSector(uint32_t)	16	static
../Components/Flash/Driver/mx66xx.cpp:391:10:uint32_t MX66xx_PageToBlock(uint32_t)	16	static
../Components/Flash/Driver/mx66xx.cpp:396:10:uint32_t MX66xx_SectorToBlock(uint32_t)	16	static
../Components/Flash/Driver/mx66xx.cpp:401:10:uint32_t MX66xx_SectorToPage(uint32_t)	16	static
../Components/Flash/Driver/mx66xx.cpp:406:10:uint32_t MX66xx_BlockToPage(uint32_t)	16	static
../Components/Flash/Driver/mx66xx.cpp:411:6:bool MX66xx_IsEmptyPage(uint32_t, uint32_t, uint32_t)	72	static
../Components/Flash/Driver/mx66xx.cpp:441:6:bool MX66xx_IsEmptySector(uint32_t, uint32_t, uint32_t)	72	static
../Components/Flash/Driver/mx66xx.cpp:471:6:bool MX66xx_IsEmptyBlock(uint32_t, uint32_t, uint32_t)	72	static
../Components/Flash/Driver/mx66xx.cpp:501:6:void MX66xx_WriteByte(uint8_t, uint32_t)	24	static
../Components/Flash/Driver/mx66xx.cpp:506:6:void MX66xx_WritePage(uint8_t*, uint32_t, uint32_t, uint32_t)	104	static
../Components/Flash/Driver/mx66xx.cpp:527:6:void MX66xx_WriteSector(uint8_t*, uint32_t, uint32_t, uint32_t)	48	static
../Components/Flash/Driver/mx66xx.cpp:559:6:void MX66xx_WriteBlock(uint8_t*, uint32_t, uint32_t, uint32_t)	48	static
../Components/Flash/Driver/mx66xx.cpp:591:6:void MX66xx_ReadByte(uint8_t*, uint32_t)	16	static
../Components/Flash/Driver/mx66xx.cpp:596:6:void MX66xx_ReadBytes(uint8_t*, uint32_t, uint32_t)	96	static
../Components/Flash/Driver/mx66xx.cpp:604:6:void MX66xx_FastReadBytes(uint8_t*, uint32_t, uint32_t)	96	static
../Components/Flash/Driver/mx66xx.cpp:612:6:void MX66xx_ReadPage(uint8_t*, uint32_t, uint32_t, uint32_t)	32	static
../Components/Flash/Driver/mx66xx.cpp:620:6:void MX66xx_ReadSector(uint8_t*, uint32_t, uint32_t, uint32_t)	32	static
../Components/Flash/Driver/mx66xx.cpp:628:6:void MX66xx_ReadBlock(uint8_t*, uint32_t, uint32_t, uint32_t)	32	static
../Components/Flash/Driver/mx66xx.cpp:636:6:void MX66xx_ReadSFDP(uint8_t*)	96	static
../Components/Flash/Driver/mx66xx.cpp:650:6:void MX66xx_ReleaseFromDeepPowerDown()	80	static
../Components/Flash/Driver/mx66xx.cpp:658:6:bool MX66xx_IsWriteProtected()	4	static
